Archive member included to satisfy reference by file (symbol)

c:/program files (x86)/atollic/truestudio for stm32 9.0.1/armtools/bin/../lib/gcc/arm-atollic-eabi/6.3.1/../../../../arm-atollic-eabi/lib/armv6-m\libc_nano.a(lib_a-init.o)
                              startup\startup_stm32f0xx.o (__libc_init_array)
c:/program files (x86)/atollic/truestudio for stm32 9.0.1/armtools/bin/../lib/gcc/arm-atollic-eabi/6.3.1/armv6-m\libgcc.a(_udivsi3.o)
                              StdPeriph_Driver\src\stm32f0xx_rcc.o (__aeabi_uidiv)
c:/program files (x86)/atollic/truestudio for stm32 9.0.1/armtools/bin/../lib/gcc/arm-atollic-eabi/6.3.1/armv6-m\libgcc.a(_dvmd_tls.o)
                              c:/program files (x86)/atollic/truestudio for stm32 9.0.1/armtools/bin/../lib/gcc/arm-atollic-eabi/6.3.1/armv6-m\libgcc.a(_udivsi3.o) (__aeabi_idiv0)

Discarded input sections

 .text          0x00000000        0x0 c:/program files (x86)/atollic/truestudio for stm32 9.0.1/armtools/bin/../lib/gcc/arm-atollic-eabi/6.3.1/armv6-m/crti.o
 .data          0x00000000        0x0 c:/program files (x86)/atollic/truestudio for stm32 9.0.1/armtools/bin/../lib/gcc/arm-atollic-eabi/6.3.1/armv6-m/crti.o
 .bss           0x00000000        0x0 c:/program files (x86)/atollic/truestudio for stm32 9.0.1/armtools/bin/../lib/gcc/arm-atollic-eabi/6.3.1/armv6-m/crti.o
 .data          0x00000000        0x4 c:/program files (x86)/atollic/truestudio for stm32 9.0.1/armtools/bin/../lib/gcc/arm-atollic-eabi/6.3.1/armv6-m/crtbegin.o
 .group         0x00000000        0x8 StdPeriph_Driver\src\stm32f0xx_adc.o
 .group         0x00000000        0x8 StdPeriph_Driver\src\stm32f0xx_adc.o
 .group         0x00000000        0x8 StdPeriph_Driver\src\stm32f0xx_adc.o
 .group         0x00000000        0x8 StdPeriph_Driver\src\stm32f0xx_adc.o
 .group         0x00000000        0x8 StdPeriph_Driver\src\stm32f0xx_adc.o
 .group         0x00000000        0x8 StdPeriph_Driver\src\stm32f0xx_adc.o
 .group         0x00000000        0x8 StdPeriph_Driver\src\stm32f0xx_adc.o
 .group         0x00000000        0x8 StdPeriph_Driver\src\stm32f0xx_adc.o
 .group         0x00000000        0x8 StdPeriph_Driver\src\stm32f0xx_adc.o
 .group         0x00000000        0x8 StdPeriph_Driver\src\stm32f0xx_adc.o
 .group         0x00000000        0x8 StdPeriph_Driver\src\stm32f0xx_adc.o
 .group         0x00000000        0x8 StdPeriph_Driver\src\stm32f0xx_adc.o
 .group         0x00000000        0x8 StdPeriph_Driver\src\stm32f0xx_adc.o
 .group         0x00000000        0x8 StdPeriph_Driver\src\stm32f0xx_adc.o
 .group         0x00000000        0x8 StdPeriph_Driver\src\stm32f0xx_adc.o
 .group         0x00000000        0x8 StdPeriph_Driver\src\stm32f0xx_adc.o
 .group         0x00000000        0x8 StdPeriph_Driver\src\stm32f0xx_adc.o
 .group         0x00000000        0x8 StdPeriph_Driver\src\stm32f0xx_adc.o
 .group         0x00000000        0x8 StdPeriph_Driver\src\stm32f0xx_adc.o
 .group         0x00000000        0x8 StdPeriph_Driver\src\stm32f0xx_adc.o
 .group         0x00000000        0x8 StdPeriph_Driver\src\stm32f0xx_adc.o
 .group         0x00000000        0x8 StdPeriph_Driver\src\stm32f0xx_adc.o
 .group         0x00000000        0x8 StdPeriph_Driver\src\stm32f0xx_adc.o
 .group         0x00000000        0x8 StdPeriph_Driver\src\stm32f0xx_adc.o
 .group         0x00000000        0x8 StdPeriph_Driver\src\stm32f0xx_adc.o
 .group         0x00000000        0x8 StdPeriph_Driver\src\stm32f0xx_adc.o
 .group         0x00000000        0x8 StdPeriph_Driver\src\stm32f0xx_adc.o
 .group         0x00000000        0x8 StdPeriph_Driver\src\stm32f0xx_adc.o
 .group         0x00000000        0x8 StdPeriph_Driver\src\stm32f0xx_adc.o
 .group         0x00000000        0x8 StdPeriph_Driver\src\stm32f0xx_adc.o
 .group         0x00000000        0x8 StdPeriph_Driver\src\stm32f0xx_adc.o
 .group         0x00000000        0x8 StdPeriph_Driver\src\stm32f0xx_adc.o
 .text          0x00000000        0x0 StdPeriph_Driver\src\stm32f0xx_adc.o
 .data          0x00000000        0x0 StdPeriph_Driver\src\stm32f0xx_adc.o
 .bss           0x00000000        0x0 StdPeriph_Driver\src\stm32f0xx_adc.o
 .text.ADC_StructInit
                0x00000000       0x34 StdPeriph_Driver\src\stm32f0xx_adc.o
 .text.ADC_Cmd  0x00000000       0x38 StdPeriph_Driver\src\stm32f0xx_adc.o
 .text.ADC_JitterCmd
                0x00000000       0x3a StdPeriph_Driver\src\stm32f0xx_adc.o
 .text.ADC_AutoPowerOffCmd
                0x00000000       0x40 StdPeriph_Driver\src\stm32f0xx_adc.o
 .text.ADC_WaitModeCmd
                0x00000000       0x40 StdPeriph_Driver\src\stm32f0xx_adc.o
 .text.ADC_AnalogWatchdogCmd
                0x00000000       0x40 StdPeriph_Driver\src\stm32f0xx_adc.o
 .text.ADC_AnalogWatchdogThresholdsConfig
                0x00000000       0x30 StdPeriph_Driver\src\stm32f0xx_adc.o
 .text.ADC_AnalogWatchdogSingleChannelConfig
[...]
Memory Configuration

Name             Origin             Length             Attributes
FLASH            0x08000000         0x00010000         xr
RAM              0x20000000         0x00002000         xrw
*default*        0x00000000         0xffffffff

Linker script and memory map

LOAD c:/program files (x86)/atollic/truestudio for stm32 9.0.1/armtools/bin/../lib/gcc/arm-atollic-eabi/6.3.1/armv6-m/crti.o
LOAD c:/program files (x86)/atollic/truestudio for stm32 9.0.1/armtools/bin/../lib/gcc/arm-atollic-eabi/6.3.1/armv6-m/crtbegin.o
LOAD StdPeriph_Driver\src\stm32f0xx_adc.o
LOAD StdPeriph_Driver\src\stm32f0xx_cec.o
LOAD StdPeriph_Driver\src\stm32f0xx_comp.o
LOAD StdPeriph_Driver\src\stm32f0xx_crc.o
LOAD StdPeriph_Driver\src\stm32f0xx_dac.o
LOAD StdPeriph_Driver\src\stm32f0xx_dbgmcu.o
LOAD StdPeriph_Driver\src\stm32f0xx_dma.o
LOAD StdPeriph_Driver\src\stm32f0xx_exti.o
LOAD StdPeriph_Driver\src\stm32f0xx_flash.o
LOAD StdPeriph_Driver\src\stm32f0xx_gpio.o
LOAD StdPeriph_Driver\src\stm32f0xx_i2c.o
LOAD StdPeriph_Driver\src\stm32f0xx_iwdg.o
LOAD StdPeriph_Driver\src\stm32f0xx_misc.o
LOAD StdPeriph_Driver\src\stm32f0xx_pwr.o
LOAD StdPeriph_Driver\src\stm32f0xx_rcc.o
LOAD StdPeriph_Driver\src\stm32f0xx_rtc.o
LOAD StdPeriph_Driver\src\stm32f0xx_spi.o
LOAD StdPeriph_Driver\src\stm32f0xx_syscfg.o
LOAD StdPeriph_Driver\src\stm32f0xx_tim.o
LOAD StdPeriph_Driver\src\stm32f0xx_usart.o
LOAD StdPeriph_Driver\src\stm32f0xx_wwdg.o
LOAD Utilities\stm32f0_discovery.o
LOAD src\main.o
LOAD src\timer.o
LOAD startup\startup_stm32f0xx.o
LOAD startup\system_stm32f0xx.o
                0x00000080                malloc_getpagesize_P = 0x80
START GROUP
LOAD c:/program files (x86)/atollic/truestudio for stm32 9.0.1/armtools/bin/../lib/gcc/arm-atollic-eabi/6.3.1/../../../../arm-atollic-eabi/lib/armv6-m\libc_nano.a
LOAD c:/program files (x86)/atollic/truestudio for stm32 9.0.1/armtools/bin/../lib/gcc/arm-atollic-eabi/6.3.1/../../../../arm-atollic-eabi/lib/armv6-m\libm.a
END GROUP
START GROUP
LOAD c:/program files (x86)/atollic/truestudio for stm32 9.0.1/armtools/bin/../lib/gcc/arm-atollic-eabi/6.3.1/armv6-m\libgcc.a
LOAD c:/program files (x86)/atollic/truestudio for stm32 9.0.1/armtools/bin/../lib/gcc/arm-atollic-eabi/6.3.1/../../../../arm-atollic-eabi/lib/armv6-m\libc_nano.a
END GROUP
START GROUP
LOAD c:/program files (x86)/atollic/truestudio for stm32 9.0.1/armtools/bin/../lib/gcc/arm-atollic-eabi/6.3.1/armv6-m\libgcc.a
LOAD c:/program files (x86)/atollic/truestudio for stm32 9.0.1/armtools/bin/../lib/gcc/arm-atollic-eabi/6.3.1/../../../../arm-atollic-eabi/lib/armv6-m\libc_nano.a
LOAD c:/program files (x86)/atollic/truestudio for stm32 9.0.1/armtools/bin/../lib/gcc/arm-atollic-eabi/6.3.1/../../../../arm-atollic-eabi/lib/armv6-m\libnosys.a
END GROUP
START GROUP
LOAD c:/program files (x86)/atollic/truestudio for stm32 9.0.1/armtools/bin/../lib/gcc/arm-atollic-eabi/6.3.1/armv6-m\libgcc.a
LOAD c:/program files (x86)/atollic/truestudio for stm32 9.0.1/armtools/bin/../lib/gcc/arm-atollic-eabi/6.3.1/../../../../arm-atollic-eabi/lib/armv6-m\libc_nano.a
LOAD c:/program files (x86)/atollic/truestudio for stm32 9.0.1/armtools/bin/../lib/gcc/arm-atollic-eabi/6.3.1/../../../../arm-atollic-eabi/lib/armv6-m\libnosys.a
END GROUP
LOAD c:/program files (x86)/atollic/truestudio for stm32 9.0.1/armtools/bin/../lib/gcc/arm-atollic-eabi/6.3.1/armv6-m/crtend.o
LOAD c:/program files (x86)/atollic/truestudio for stm32 9.0.1/armtools/bin/../lib/gcc/arm-atollic-eabi/6.3.1/armv6-m/crtn.o
                0x20002000                _estack = 0x20002000
                0x00000000                _Min_Heap_Size = 0x0
                0x00000080                _Min_Stack_Size = 0x80

.isr_vector     0x08000000       0xc4
                0x08000000                . = ALIGN (0x4)
 *(.isr_vector)
 .isr_vector    0x08000000       0xc4 startup\startup_stm32f0xx.o
                0x08000000                g_pfnVectors
                0x080000c4                . = ALIGN (0x4)

.text           0x080000c4     0x107c
                0x080000c4                . = ALIGN (0x4)
 *(.text)
 .text          0x080000c4       0x48 c:/program files (x86)/atollic/truestudio for stm32 9.0.1/armtools/bin/../lib/gcc/arm-atollic-eabi/6.3.1/armv6-m/crtbegin.o
 .text          0x0800010c      0x114 c:/program files (x86)/atollic/truestudio for stm32 9.0.1/armtools/bin/../lib/gcc/arm-atollic-eabi/6.3.1/armv6-m\libgcc.a(_udivsi3.o)
                0x0800010c                __aeabi_uidiv
                0x0800010c                __udivsi3
                0x08000218                __aeabi_uidivmod
 .text          0x08000220        0x4 c:/program files (x86)/atollic/truestudio for stm32 9.0.1/armtools/bin/../lib/gcc/arm-atollic-eabi/6.3.1/armv6-m\libgcc.a(_dvmd_tls.o)
                0x08000220                __aeabi_idiv0
                0x08000220                __aeabi_ldiv0
 *(.text*)
 .text.ADC_DeInit
                0x08000224       0x34 StdPeriph_Driver\src\stm32f0xx_adc.o
                0x08000224                ADC_DeInit
 .text.ADC_Init
                0x08000258       0x58 StdPeriph_Driver\src\stm32f0xx_adc.o
                0x08000258                ADC_Init
 .text.GPIO_Init
                0x080002b0      0x126 StdPeriph_Driver\src\stm32f0xx_gpio.o
                0x080002b0                GPIO_Init
 *fill*         0x080003d6        0x2 
 .text.GPIO_StructInit
                0x080003d8       0x34 StdPeriph_Driver\src\stm32f0xx_gpio.o
                0x080003d8                GPIO_StructInit
 .text.RCC_HSI14Cmd
                0x0800040c       0x3c StdPeriph_Driver\src\stm32f0xx_rcc.o
                0x0800040c                RCC_HSI14Cmd
 .text.RCC_ADCCLKConfig
                0x08000448       0x54 StdPeriph_Driver\src\stm32f0xx_rcc.o
                0x08000448                RCC_ADCCLKConfig
 .text.RCC_GetClocksFreq
                0x0800049c      0x1e0 StdPeriph_Driver\src\stm32f0xx_rcc.o
                0x0800049c                RCC_GetClocksFreq
 .text.RCC_AHBPeriphClockCmd
                0x0800067c       0x40 StdPeriph_Driver\src\stm32f0xx_rcc.o
                0x0800067c                RCC_AHBPeriphClockCmd
 .text.RCC_APB2PeriphResetCmd
                0x080006bc       0x40 StdPeriph_Driver\src\stm32f0xx_rcc.o
                0x080006bc                RCC_APB2PeriphResetCmd
 .text.RCC_GetFlagStatus
                0x080006fc       0x94 StdPeriph_Driver\src\stm32f0xx_rcc.o
                0x080006fc                RCC_GetFlagStatus
 .text.NVIC_EnableIRQ
                0x08000790       0x2c src\main.o
 .text.NVIC_SetPriority
                0x080007bc       0xdc src\main.o
 .text.main     0x08000898      0x13c src\main.o
                0x08000898                main
 .text.AD_Init  0x080009d4       0x78 src\main.o
                0x080009d4                AD_Init
 .text.Gpio_Init
                0x08000a4c       0x48 src\main.o
                0x08000a4c                Gpio_Init
 .text.RTC_Init_
                0x08000a94       0xc8 src\main.o
                0x08000a94                RTC_Init_
 .text.RTC_WriteAccess
                0x08000b5c       0x5c src\main.o
                0x08000b5c                RTC_WriteAccess
 .text.GetTrueRandomNumber
                0x08000bb8       0xe0 src\main.o
                0x08000bb8                GetTrueRandomNumber
 .text.RTC_IRQHandler
                0x08000c98       0x40 src\main.o
                0x08000c98                RTC_IRQHandler
 .text.NVIC_SetPriority
                0x08000cd8       0xdc src\timer.o
 .text.SysTick_Config
                0x08000db4       0x4c src\timer.o
 .text.Timer_Init
                0x08000e00       0x30 src\timer.o
                0x08000e00                Timer_Init
 .text.SysTick_Handler
                0x08000e30       0x40 src\timer.o
                0x08000e30                SysTick_Handler
 .text.TimerUs_Init
                0x08000e70       0x20 src\timer.o
                0x08000e70                TimerUs_Init
 .text.TimerUs_Start
                0x08000e90       0x48 src\timer.o
                0x08000e90                TimerUs_Start
 .text.TimerUs_GetMicroseconds
                0x08000ed8       0x14 src\timer.o
                0x08000ed8                TimerUs_GetMicroseconds
 .text.TimerUs_Delay
                0x08000eec       0x3e src\timer.o
                0x08000eec                TimerUs_Delay
 *fill*         0x08000f2a        0x2 
 .text.Reset_Handler
                0x08000f2c       0x50 startup\startup_stm32f0xx.o
                0x08000f2c                Reset_Handler
 .text.Default_Handler
                0x08000f7c        0x2 startup\startup_stm32f0xx.o
                0x08000f7c                TIM1_CC_IRQHandler
                0x08000f7c                HardFault_Handler
                0x08000f7c                ADC1_COMP_IRQHandler
                0x08000f7c                PVD_IRQHandler
                0x08000f7c                PendSV_Handler
                0x08000f7c                NMI_Handler
                0x08000f7c                I2C1_IRQHandler
                0x08000f7c                SPI1_IRQHandler
                0x08000f7c                TIM6_DAC_IRQHandler
                0x08000f7c                EXTI2_3_IRQHandler
                0x08000f7c                I2C2_IRQHandler
                0x08000f7c                TIM17_IRQHandler
                0x08000f7c                TIM16_IRQHandler
                0x08000f7c                TIM3_IRQHandler
                0x08000f7c                EXTI4_15_IRQHandler
                0x08000f7c                RCC_IRQHandler
                0x08000f7c                DMA1_Channel1_IRQHandler
                0x08000f7c                Default_Handler
                0x08000f7c                CEC_IRQHandler
                0x08000f7c                TIM14_IRQHandler
                0x08000f7c                DMA1_Channel4_5_IRQHandler
                0x08000f7c                TIM15_IRQHandler
                0x08000f7c                EXTI0_1_IRQHandler
                0x08000f7c                SPI2_IRQHandler
                0x08000f7c                SVC_Handler
                0x08000f7c                TS_IRQHandler
                0x08000f7c                WWDG_IRQHandler
                0x08000f7c                TIM2_IRQHandler
                0x08000f7c                DMA1_Channel2_3_IRQHandler
                0x08000f7c                USART2_IRQHandler
                0x08000f7c                FLASH_IRQHandler
                0x08000f7c                USART1_IRQHandler
                0x08000f7c                TIM1_BRK_UP_TRG_COM_IRQHandler
 *fill*         0x08000f7e        0x2 
 .text.SystemInit
                0x08000f80       0x8c startup\system_stm32f0xx.o
                0x08000f80                SystemInit
 .text.SystemCoreClockUpdate
                0x0800100c       0xd4 startup\system_stm32f0xx.o
                0x0800100c                SystemCoreClockUpdate
 .text.__libc_init_array
                0x080010e0       0x48 c:/program files (x86)/atollic/truestudio for stm32 9.0.1/armtools/bin/../lib/gcc/arm-atollic-eabi/6.3.1/../../../../arm-atollic-eabi/lib/armv6-m\libc_nano.a(lib_a-init.o)
                0x080010e0                __libc_init_array
 *(.rodata)
 *(.rodata*)
 *(.glue_7)
 .glue_7        0x08001128        0x0 linker stubs
 *(.glue_7t)
 .glue_7t       0x08001128        0x0 linker stubs
 *(.eh_frame)
 .eh_frame      0x08001128        0x0 c:/program files (x86)/atollic/truestudio for stm32 9.0.1/armtools/bin/../lib/gcc/arm-atollic-eabi/6.3.1/armv6-m/crtbegin.o
 *(.init)
 .init          0x08001128        0x4 c:/program files (x86)/atollic/truestudio for stm32 9.0.1/armtools/bin/../lib/gcc/arm-atollic-eabi/6.3.1/armv6-m/crti.o
                0x08001128                _init
 .init          0x0800112c        0x8 c:/program files (x86)/atollic/truestudio for stm32 9.0.1/armtools/bin/../lib/gcc/arm-atollic-eabi/6.3.1/armv6-m/crtn.o
 *(.fini)
 .fini          0x08001134        0x4 c:/program files (x86)/atollic/truestudio for stm32 9.0.1/armtools/bin/../lib/gcc/arm-atollic-eabi/6.3.1/armv6-m/crti.o
                0x08001134                _fini
 .fini          0x08001138        0x8 c:/program files (x86)/atollic/truestudio for stm32 9.0.1/armtools/bin/../lib/gcc/arm-atollic-eabi/6.3.1/armv6-m/crtn.o
                0x08001140                . = ALIGN (0x4)
                0x08001140                _etext = .

.vfp11_veneer   0x08001140        0x0
 .vfp11_veneer  0x08001140        0x0 linker stubs

.v4_bx          0x08001140        0x0
 .v4_bx         0x08001140        0x0 linker stubs

.iplt           0x08001140        0x0
 .iplt          0x08001140        0x0 c:/program files (x86)/atollic/truestudio for stm32 9.0.1/armtools/bin/../lib/gcc/arm-atollic-eabi/6.3.1/armv6-m/crtbegin.o

.rel.dyn        0x08001140        0x0
 .rel.iplt      0x08001140        0x0 c:/program files (x86)/atollic/truestudio for stm32 9.0.1/armtools/bin/../lib/gcc/arm-atollic-eabi/6.3.1/armv6-m/crtbegin.o

.ARM.extab
 *(.ARM.extab* .gnu.linkonce.armextab.*)

.ARM            0x08001140        0x0
                0x08001140                __exidx_start = .
 *(.ARM.exidx*)
                0x08001140                __exidx_end = .

.preinit_array  0x08001140        0x0
                0x08001140                PROVIDE (__preinit_array_start, .)
 *(.preinit_array*)
                0x08001140                PROVIDE (__preinit_array_end, .)

.init_array     0x08001140        0x4
                0x08001140                PROVIDE (__init_array_start, .)
 *(SORT(.init_array.*))
 *(.init_array*)
 .init_array    0x08001140        0x4 c:/program files (x86)/atollic/truestudio for stm32 9.0.1/armtools/bin/../lib/gcc/arm-atollic-eabi/6.3.1/armv6-m/crtbegin.o
                0x08001144                PROVIDE (__init_array_end, .)

.fini_array     0x08001144        0x4
                [!provide]                PROVIDE (__fini_array_start, .)
 *(SORT(.fini_array.*))
 *(.fini_array*)
 .fini_array    0x08001144        0x4 c:/program files (x86)/atollic/truestudio for stm32 9.0.1/armtools/bin/../lib/gcc/arm-atollic-eabi/6.3.1/armv6-m/crtbegin.o
                [!provide]                PROVIDE (__fini_array_end, .)
                0x08001148                _sidata = LOADADDR (.data)

.data           0x20000000       0x24 load address 0x08001148
                0x20000000                . = ALIGN (0x4)
                0x20000000                _sdata = .
 *(.data)
 .data          0x20000000       0x10 StdPeriph_Driver\src\stm32f0xx_rcc.o
 .data          0x20000010       0x14 startup\system_stm32f0xx.o
                0x20000010                SystemCoreClock
                0x20000014                AHBPrescTable
 *(.data*)
                0x20000024                . = ALIGN (0x4)
                0x20000024                _edata = .

.igot.plt       0x20000024        0x0 load address 0x0800116c
 .igot.plt      0x20000024        0x0 c:/program files (x86)/atollic/truestudio for stm32 9.0.1/armtools/bin/../lib/gcc/arm-atollic-eabi/6.3.1/armv6-m/crtbegin.o
                0x20000024                . = ALIGN (0x4)

.bss            0x20000024       0x28 load address 0x0800116c
                0x20000024                _sbss = .
                0x20000024                __bss_start__ = _sbss
 *(.bss)
 .bss           0x20000024       0x1c c:/program files (x86)/atollic/truestudio for stm32 9.0.1/armtools/bin/../lib/gcc/arm-atollic-eabi/6.3.1/armv6-m/crtbegin.o
 .bss           0x20000040        0xc src\timer.o
                0x20000048                pSysTickCallback
 *(.bss*)
 *(COMMON)
                0x2000004c                . = ALIGN (0x4)
                0x2000004c                _ebss = .
                0x2000004c                __bss_end__ = _ebss

._user_heap_stack
                0x2000004c       0x84 load address 0x0800116c
                0x20000050                . = ALIGN (0x8)
 *fill*         0x2000004c        0x4 
                [!provide]                PROVIDE (end, .)
                [!provide]                PROVIDE (_end, .)
                0x20000050                . = (. + _Min_Heap_Size)
                0x200000d0                . = (. + _Min_Stack_Size)
 *fill*         0x20000050       0x80 
                0x200000d0                . = ALIGN (0x8)

.ARM.attributes
                0x00000000       0x28
 *(.ARM.attributes)
 .ARM.attributes
                0x00000000       0x1e c:/program files (x86)/atollic/truestudio for stm32 9.0.1/armtools/bin/../lib/gcc/arm-atollic-eabi/6.3.1/armv6-m/crti.o
 .ARM.attributes
                0x0000001e       0x2c c:/program files (x86)/atollic/truestudio for stm32 9.0.1/armtools/bin/../lib/gcc/arm-atollic-eabi/6.3.1/armv6-m/crtbegin.o
 .ARM.attributes
                0x0000004a       0x31 StdPeriph_Driver\src\stm32f0xx_adc.o
 .ARM.attributes
                0x0000007b       0x31 StdPeriph_Driver\src\stm32f0xx_gpio.o
 .ARM.attributes
                0x000000ac       0x31 StdPeriph_Driver\src\stm32f0xx_rcc.o
 .ARM.attributes
                0x000000dd       0x31 src\main.o
 .ARM.attributes
                0x0000010e       0x31 src\timer.o
 .ARM.attributes
                0x0000013f       0x21 startup\startup_stm32f0xx.o
 .ARM.attributes
                0x00000160       0x31 startup\system_stm32f0xx.o
 .ARM.attributes
                0x00000191       0x2c c:/program files (x86)/atollic/truestudio for stm32 9.0.1/armtools/bin/../lib/gcc/arm-atollic-eabi/6.3.1/../../../../arm-atollic-eabi/lib/armv6-m\libc_nano.a(lib_a-init.o)
 .ARM.attributes
                0x000001bd       0x1e c:/program files (x86)/atollic/truestudio for stm32 9.0.1/armtools/bin/../lib/gcc/arm-atollic-eabi/6.3.1/armv6-m\libgcc.a(_udivsi3.o)
 .ARM.attributes
                0x000001db       0x1e c:/program files (x86)/atollic/truestudio for stm32 9.0.1/armtools/bin/../lib/gcc/arm-atollic-eabi/6.3.1/armv6-m\libgcc.a(_dvmd_tls.o)
 .ARM.attributes
                0x000001f9       0x1e c:/program files (x86)/atollic/truestudio for stm32 9.0.1/armtools/bin/../lib/gcc/arm-atollic-eabi/6.3.1/armv6-m/crtn.o
OUTPUT(Candle.elf elf32-littlearm)

.debug_info     0x00000000     0x2fa8
 .debug_info    0x00000000      0x89a StdPeriph_Driver\src\stm32f0xx_adc.o
 .debug_info    0x0000089a      0x5f9 StdPeriph_Driver\src\stm32f0xx_gpio.o
 .debug_info    0x00000e93      0x9bc StdPeriph_Driver\src\stm32f0xx_rcc.o
 .debug_info    0x0000184f      0xbf9 src\main.o
 .debug_info    0x00002448      0x7e8 src\timer.o
 .debug_info    0x00002c30       0x6d startup\startup_stm32f0xx.o
 .debug_info    0x00002c9d      0x30b startup\system_stm32f0xx.o

.debug_abbrev   0x00000000      0xaec
 .debug_abbrev  0x00000000      0x179 StdPeriph_Driver\src\stm32f0xx_adc.o
 .debug_abbrev  0x00000179      0x18c StdPeriph_Driver\src\stm32f0xx_gpio.o
 .debug_abbrev  0x00000305      0x204 StdPeriph_Driver\src\stm32f0xx_rcc.o
 .debug_abbrev  0x00000509      0x24e src\main.o
 .debug_abbrev  0x00000757      0x22a src\timer.o
 .debug_abbrev  0x00000981       0x12 startup\startup_stm32f0xx.o
 .debug_abbrev  0x00000993      0x159 startup\system_stm32f0xx.o

.debug_aranges  0x00000000      0x410
 .debug_aranges
                0x00000000      0x100 StdPeriph_Driver\src\stm32f0xx_adc.o
 .debug_aranges
                0x00000100       0x80 StdPeriph_Driver\src\stm32f0xx_gpio.o
 .debug_aranges
                0x00000180      0x150 StdPeriph_Driver\src\stm32f0xx_rcc.o
 .debug_aranges
                0x000002d0       0x68 src\main.o
 .debug_aranges
                0x00000338       0x80 src\timer.o
 .debug_aranges
                0x000003b8       0x28 startup\startup_stm32f0xx.o
 .debug_aranges
                0x000003e0       0x30 startup\system_stm32f0xx.o

.debug_ranges   0x00000000      0x3a8
 .debug_ranges  0x00000000       0xf0 StdPeriph_Driver\src\stm32f0xx_adc.o
 .debug_ranges  0x000000f0       0x70 StdPeriph_Driver\src\stm32f0xx_gpio.o
 .debug_ranges  0x00000160      0x140 StdPeriph_Driver\src\stm32f0xx_rcc.o
 .debug_ranges  0x000002a0       0x58 src\main.o
 .debug_ranges  0x000002f8       0x70 src\timer.o
 .debug_ranges  0x00000368       0x20 startup\startup_stm32f0xx.o
 .debug_ranges  0x00000388       0x20 startup\system_stm32f0xx.o

.debug_macro    0x00000000     0x7d86
 .debug_macro   0x00000000      0x18d StdPeriph_Driver\src\stm32f0xx_adc.o
 .debug_macro   0x0000018d      0x8b6 StdPeriph_Driver\src\stm32f0xx_adc.o
 .debug_macro   0x00000a43       0x7b StdPeriph_Driver\src\stm32f0xx_adc.o
 .debug_macro   0x00000abe       0x34 StdPeriph_Driver\src\stm32f0xx_adc.o
 .debug_macro   0x00000af2       0x22 StdPeriph_Driver\src\stm32f0xx_adc.o
 .debug_macro   0x00000b14       0x87 StdPeriph_Driver\src\stm32f0xx_adc.o
 .debug_macro   0x00000b9b       0x51 StdPeriph_Driver\src\stm32f0xx_adc.o
 .debug_macro   0x00000bec       0xef StdPeriph_Driver\src\stm32f0xx_adc.o
 .debug_macro   0x00000cdb       0x6a StdPeriph_Driver\src\stm32f0xx_adc.o
 .debug_macro   0x00000d45      0x1df StdPeriph_Driver\src\stm32f0xx_adc.o
 .debug_macro   0x00000f24      0x249 StdPeriph_Driver\src\stm32f0xx_adc.o
 .debug_macro   0x0000116d     0x3334 StdPeriph_Driver\src\stm32f0xx_adc.o
 .debug_macro   0x000044a1      0x18b StdPeriph_Driver\src\stm32f0xx_adc.o
 .debug_macro   0x0000462c       0x28 StdPeriph_Driver\src\stm32f0xx_adc.o
 .debug_macro   0x00004654       0xe7 StdPeriph_Driver\src\stm32f0xx_adc.o
 .debug_macro   0x0000473b       0x93 StdPeriph_Driver\src\stm32f0xx_adc.o
 .debug_macro   0x000047ce       0x70 StdPeriph_Driver\src\stm32f0xx_adc.o
 .debug_macro   0x0000483e      0x225 StdPeriph_Driver\src\stm32f0xx_adc.o
 .debug_macro   0x00004a63       0xb8 StdPeriph_Driver\src\stm32f0xx_adc.o
 .debug_macro   0x00004b1b      0x16f StdPeriph_Driver\src\stm32f0xx_adc.o
 .debug_macro   0x00004c8a      0x185 StdPeriph_Driver\src\stm32f0xx_adc.o
 .debug_macro   0x00004e0f      0x123 StdPeriph_Driver\src\stm32f0xx_adc.o
 .debug_macro   0x00004f32      0x2a0 StdPeriph_Driver\src\stm32f0xx_adc.o
 .debug_macro   0x000051d2       0x70 StdPeriph_Driver\src\stm32f0xx_adc.o
 .debug_macro   0x00005242       0xb2 StdPeriph_Driver\src\stm32f0xx_adc.o
 .debug_macro   0x000052f4      0x44c StdPeriph_Driver\src\stm32f0xx_adc.o
 .debug_macro   0x00005740      0x46a StdPeriph_Driver\src\stm32f0xx_adc.o
 .debug_macro   0x00005baa      0x396 StdPeriph_Driver\src\stm32f0xx_adc.o
 .debug_macro   0x00005f40      0x750 StdPeriph_Driver\src\stm32f0xx_adc.o
 .debug_macro   0x00006690      0x34d StdPeriph_Driver\src\stm32f0xx_adc.o
 .debug_macro   0x000069dd       0x34 StdPeriph_Driver\src\stm32f0xx_adc.o
 .debug_macro   0x00006a11       0x3a StdPeriph_Driver\src\stm32f0xx_adc.o
 .debug_macro   0x00006a4b      0x2ce StdPeriph_Driver\src\stm32f0xx_adc.o
 .debug_macro   0x00006d19      0x17c StdPeriph_Driver\src\stm32f0xx_gpio.o
 .debug_macro   0x00006e95      0x17f StdPeriph_Driver\src\stm32f0xx_gpio.o
 .debug_macro   0x00007014      0x196 StdPeriph_Driver\src\stm32f0xx_rcc.o
 .debug_macro   0x000071aa      0x446 StdPeriph_Driver\src\stm32f0xx_rcc.o
 .debug_macro   0x000075f0      0x1ae src\main.o
 .debug_macro   0x0000779e      0x2d4 src\main.o
 .debug_macro   0x00007a72       0x22 src\main.o
 .debug_macro   0x00007a94      0x184 src\timer.o
 .debug_macro   0x00007c18      0x16e startup\system_stm32f0xx.o

.debug_line     0x00000000     0x27db
 .debug_line    0x00000000      0x75d StdPeriph_Driver\src\stm32f0xx_adc.o
 .debug_line    0x0000075d      0x615 StdPeriph_Driver\src\stm32f0xx_gpio.o
 .debug_line    0x00000d72      0x844 StdPeriph_Driver\src\stm32f0xx_rcc.o
 .debug_line    0x000015b6      0x657 src\main.o
 .debug_line    0x00001c0d      0x608 src\timer.o
 .debug_line    0x00002215       0x81 startup\startup_stm32f0xx.o
 .debug_line    0x00002296      0x545 startup\system_stm32f0xx.o

.debug_str      0x00000000    0x2e2ca
 .debug_str     0x00000000    0x2d2c6 StdPeriph_Driver\src\stm32f0xx_adc.o
                              0x2d44d (size before relaxing)
 .debug_str     0x0002d2c6      0x2c0 StdPeriph_Driver\src\stm32f0xx_gpio.o
                              0x2b792 (size before relaxing)
 .debug_str     0x0002d586      0x5f3 StdPeriph_Driver\src\stm32f0xx_rcc.o
                              0x2bae9 (size before relaxing)
 .debug_str     0x0002db79      0x4c3 src\main.o
                              0x2d802 (size before relaxing)
 .debug_str     0x0002e03c      0x21f src\timer.o
                              0x2b95a (size before relaxing)
 .debug_str     0x0002e25b       0x6f startup\system_stm32f0xx.o
                              0x2b580 (size before relaxing)

.comment        0x00000000       0x7c
 .comment       0x00000000       0x7c StdPeriph_Driver\src\stm32f0xx_adc.o
                                 0x7d (size before relaxing)
 .comment       0x0000007c       0x7d StdPeriph_Driver\src\stm32f0xx_gpio.o
 .comment       0x0000007c       0x7d StdPeriph_Driver\src\stm32f0xx_rcc.o
 .comment       0x0000007c       0x7d src\main.o
 .comment       0x0000007c       0x7d src\timer.o
 .comment       0x0000007c       0x7d startup\system_stm32f0xx.o

.debug_frame    0x00000000      0xddc
 .debug_frame   0x00000000      0x3b0 StdPeriph_Driver\src\stm32f0xx_adc.o
 .debug_frame   0x000003b0      0x1b0 StdPeriph_Driver\src\stm32f0xx_gpio.o
 .debug_frame   0x00000560      0x4e4 StdPeriph_Driver\src\stm32f0xx_rcc.o
 .debug_frame   0x00000a44      0x148 src\main.o
 .debug_frame   0x00000b8c      0x198 src\timer.o
 .debug_frame   0x00000d24       0x6c startup\system_stm32f0xx.o
 .debug_frame   0x00000d90       0x2c c:/program files (x86)/atollic/truestudio for stm32 9.0.1/armtools/bin/../lib/gcc/arm-atollic-eabi/6.3.1/../../../../arm-atollic-eabi/lib/armv6-m\libc_nano.a(lib_a-init.o)
 .debug_frame   0x00000dbc       0x20 c:/program files (x86)/atollic/truestudio for stm32 9.0.1/armtools/bin/../lib/gcc/arm-atollic-eabi/6.3.1/armv6-m\libgcc.a(_udivsi3.o)

Cross Reference Table

Symbol                                            File
ADC1_COMP_IRQHandler                              startup\startup_stm32f0xx.o
ADC_AnalogWatchdogCmd                             StdPeriph_Driver\src\stm32f0xx_adc.o
ADC_AnalogWatchdogSingleChannelCmd                StdPeriph_Driver\src\stm32f0xx_adc.o
ADC_AnalogWatchdogSingleChannelConfig             StdPeriph_Driver\src\stm32f0xx_adc.o
ADC_AnalogWatchdogThresholdsConfig                StdPeriph_Driver\src\stm32f0xx_adc.o
ADC_AutoPowerOffCmd                               StdPeriph_Driver\src\stm32f0xx_adc.o
ADC_ChannelConfig                                 StdPeriph_Driver\src\stm32f0xx_adc.o
ADC_ClearFlag                                     StdPeriph_Driver\src\stm32f0xx_adc.o
ADC_ClearITPendingBit                             StdPeriph_Driver\src\stm32f0xx_adc.o
ADC_Cmd                                           StdPeriph_Driver\src\stm32f0xx_adc.o
ADC_ContinuousModeCmd                             StdPeriph_Driver\src\stm32f0xx_adc.o
ADC_DMACmd                                        StdPeriph_Driver\src\stm32f0xx_adc.o
ADC_DMARequestModeConfig                          StdPeriph_Driver\src\stm32f0xx_adc.o
ADC_DeInit                                        StdPeriph_Driver\src\stm32f0xx_adc.o
                                                  src\main.o
ADC_DiscModeCmd                                   StdPeriph_Driver\src\stm32f0xx_adc.o
ADC_GetCalibrationFactor                          StdPeriph_Driver\src\stm32f0xx_adc.o
ADC_GetConversionValue                            StdPeriph_Driver\src\stm32f0xx_adc.o
ADC_GetFlagStatus                                 StdPeriph_Driver\src\stm32f0xx_adc.o
ADC_GetITStatus                                   StdPeriph_Driver\src\stm32f0xx_adc.o
ADC_ITConfig                                      StdPeriph_Driver\src\stm32f0xx_adc.o
ADC_Init                                          StdPeriph_Driver\src\stm32f0xx_adc.o
                                                  src\main.o
ADC_JitterCmd                                     StdPeriph_Driver\src\stm32f0xx_adc.o
ADC_OverrunModeCmd                                StdPeriph_Driver\src\stm32f0xx_adc.o
ADC_StartOfConversion                             StdPeriph_Driver\src\stm32f0xx_adc.o
ADC_StopOfConversion                              StdPeriph_Driver\src\stm32f0xx_adc.o
ADC_StructInit                                    StdPeriph_Driver\src\stm32f0xx_adc.o
ADC_TempSensorCmd                                 StdPeriph_Driver\src\stm32f0xx_adc.o
ADC_VbatCmd                                       StdPeriph_Driver\src\stm32f0xx_adc.o
ADC_VrefintCmd                                    StdPeriph_Driver\src\stm32f0xx_adc.o
ADC_WaitModeCmd                                   StdPeriph_Driver\src\stm32f0xx_adc.o
AD_Init                                           src\main.o
AHBPrescTable                                     startup\system_stm32f0xx.o
BUTTON_CLK                                        Utilities\stm32f0_discovery.o
BUTTON_EXTI_LINE                                  Utilities\stm32f0_discovery.o
BUTTON_IRQn                                       Utilities\stm32f0_discovery.o
BUTTON_PIN                                        Utilities\stm32f0_discovery.o
BUTTON_PIN_SOURCE                                 Utilities\stm32f0_discovery.o
BUTTON_PORT                                       Utilities\stm32f0_discovery.o
BUTTON_PORT_SOURCE                                Utilities\stm32f0_discovery.o
CEC_ClearFlag                                     StdPeriph_Driver\src\stm32f0xx_cec.o
CEC_ClearITPendingBit                             StdPeriph_Driver\src\stm32f0xx_cec.o
CEC_Cmd                                           StdPeriph_Driver\src\stm32f0xx_cec.o
CEC_DeInit                                        StdPeriph_Driver\src\stm32f0xx_cec.o
CEC_EndOfMessage                                  StdPeriph_Driver\src\stm32f0xx_cec.o
CEC_GetFlagStatus                                 StdPeriph_Driver\src\stm32f0xx_cec.o
CEC_GetITStatus                                   StdPeriph_Driver\src\stm32f0xx_cec.o
CEC_IRQHandler                                    startup\startup_stm32f0xx.o
CEC_ITConfig                                      StdPeriph_Driver\src\stm32f0xx_cec.o
CEC_Init                                          StdPeriph_Driver\src\stm32f0xx_cec.o
CEC_ListenModeCmd                                 StdPeriph_Driver\src\stm32f0xx_cec.o
CEC_OwnAddressClear                               StdPeriph_Driver\src\stm32f0xx_cec.o
CEC_OwnAddressConfig                              StdPeriph_Driver\src\stm32f0xx_cec.o
CEC_ReceiveData                                   StdPeriph_Driver\src\stm32f0xx_cec.o
CEC_SendData                                      StdPeriph_Driver\src\stm32f0xx_cec.o
CEC_StartOfMessage                                StdPeriph_Driver\src\stm32f0xx_cec.o
CEC_StructInit                                    StdPeriph_Driver\src\stm32f0xx_cec.o
COMP_Cmd                                          StdPeriph_Driver\src\stm32f0xx_comp.o
COMP_DeInit                                       StdPeriph_Driver\src\stm32f0xx_comp.o
COMP_GetOutputLevel                               StdPeriph_Driver\src\stm32f0xx_comp.o
COMP_Init                                         StdPeriph_Driver\src\stm32f0xx_comp.o
COMP_LockConfig                                   StdPeriph_Driver\src\stm32f0xx_comp.o
COMP_StructInit                                   StdPeriph_Driver\src\stm32f0xx_comp.o
COMP_SwitchCmd                                    StdPeriph_Driver\src\stm32f0xx_comp.o
COMP_WindowCmd                                    StdPeriph_Driver\src\stm32f0xx_comp.o
CRC_CalcBlockCRC                                  StdPeriph_Driver\src\stm32f0xx_crc.o
CRC_CalcCRC                                       StdPeriph_Driver\src\stm32f0xx_crc.o
CRC_DeInit                                        StdPeriph_Driver\src\stm32f0xx_crc.o
CRC_GetCRC                                        StdPeriph_Driver\src\stm32f0xx_crc.o
CRC_GetIDRegister                                 StdPeriph_Driver\src\stm32f0xx_crc.o
CRC_ResetDR                                       StdPeriph_Driver\src\stm32f0xx_crc.o
CRC_ReverseInputDataSelect                        StdPeriph_Driver\src\stm32f0xx_crc.o
CRC_ReverseOutputDataCmd                          StdPeriph_Driver\src\stm32f0xx_crc.o
CRC_SetIDRegister                                 StdPeriph_Driver\src\stm32f0xx_crc.o
CRC_SetInitRegister                               StdPeriph_Driver\src\stm32f0xx_crc.o
DAC_ClearFlag                                     StdPeriph_Driver\src\stm32f0xx_dac.o
DAC_ClearITPendingBit                             StdPeriph_Driver\src\stm32f0xx_dac.o
DAC_Cmd                                           StdPeriph_Driver\src\stm32f0xx_dac.o
DAC_DMACmd                                        StdPeriph_Driver\src\stm32f0xx_dac.o
DAC_DeInit                                        StdPeriph_Driver\src\stm32f0xx_dac.o
DAC_GetDataOutputValue                            StdPeriph_Driver\src\stm32f0xx_dac.o
DAC_GetFlagStatus                                 StdPeriph_Driver\src\stm32f0xx_dac.o
DAC_GetITStatus                                   StdPeriph_Driver\src\stm32f0xx_dac.o
DAC_ITConfig                                      StdPeriph_Driver\src\stm32f0xx_dac.o
DAC_Init                                          StdPeriph_Driver\src\stm32f0xx_dac.o
DAC_SetChannel1Data                               StdPeriph_Driver\src\stm32f0xx_dac.o
DAC_SoftwareTriggerCmd                            StdPeriph_Driver\src\stm32f0xx_dac.o
DAC_StructInit                                    StdPeriph_Driver\src\stm32f0xx_dac.o
DBGMCU_APB1PeriphConfig                           StdPeriph_Driver\src\stm32f0xx_dbgmcu.o
DBGMCU_APB2PeriphConfig                           StdPeriph_Driver\src\stm32f0xx_dbgmcu.o
DBGMCU_Config                                     StdPeriph_Driver\src\stm32f0xx_dbgmcu.o
DBGMCU_GetDEVID                                   StdPeriph_Driver\src\stm32f0xx_dbgmcu.o
DBGMCU_GetREVID                                   StdPeriph_Driver\src\stm32f0xx_dbgmcu.o
DMA1_Channel1_IRQHandler                          startup\startup_stm32f0xx.o
DMA1_Channel2_3_IRQHandler                        startup\startup_stm32f0xx.o
DMA1_Channel4_5_IRQHandler                        startup\startup_stm32f0xx.o
DMA_ClearFlag                                     StdPeriph_Driver\src\stm32f0xx_dma.o
DMA_ClearITPendingBit                             StdPeriph_Driver\src\stm32f0xx_dma.o
DMA_Cmd                                           StdPeriph_Driver\src\stm32f0xx_dma.o
DMA_DeInit                                        StdPeriph_Driver\src\stm32f0xx_dma.o
DMA_GetCurrDataCounter                            StdPeriph_Driver\src\stm32f0xx_dma.o
DMA_GetFlagStatus                                 StdPeriph_Driver\src\stm32f0xx_dma.o
DMA_GetITStatus                                   StdPeriph_Driver\src\stm32f0xx_dma.o
DMA_ITConfig                                      StdPeriph_Driver\src\stm32f0xx_dma.o
DMA_Init                                          StdPeriph_Driver\src\stm32f0xx_dma.o
DMA_SetCurrDataCounter                            StdPeriph_Driver\src\stm32f0xx_dma.o
DMA_StructInit                                    StdPeriph_Driver\src\stm32f0xx_dma.o
Default_Handler                                   startup\startup_stm32f0xx.o
EXTI0_1_IRQHandler                                startup\startup_stm32f0xx.o
EXTI2_3_IRQHandler                                startup\startup_stm32f0xx.o
EXTI4_15_IRQHandler                               startup\startup_stm32f0xx.o
EXTI_ClearFlag                                    StdPeriph_Driver\src\stm32f0xx_exti.o
EXTI_ClearITPendingBit                            StdPeriph_Driver\src\stm32f0xx_exti.o
EXTI_DeInit                                       StdPeriph_Driver\src\stm32f0xx_exti.o
EXTI_GenerateSWInterrupt                          StdPeriph_Driver\src\stm32f0xx_exti.o
EXTI_GetFlagStatus                                StdPeriph_Driver\src\stm32f0xx_exti.o
EXTI_GetITStatus                                  StdPeriph_Driver\src\stm32f0xx_exti.o
EXTI_Init                                         StdPeriph_Driver\src\stm32f0xx_exti.o
                                                  Utilities\stm32f0_discovery.o
EXTI_StructInit                                   StdPeriph_Driver\src\stm32f0xx_exti.o
FLASH_ClearFlag                                   StdPeriph_Driver\src\stm32f0xx_flash.o
FLASH_EraseAllPages                               StdPeriph_Driver\src\stm32f0xx_flash.o
FLASH_ErasePage                                   StdPeriph_Driver\src\stm32f0xx_flash.o
FLASH_GetFlagStatus                               StdPeriph_Driver\src\stm32f0xx_flash.o
FLASH_GetPrefetchBufferStatus                     StdPeriph_Driver\src\stm32f0xx_flash.o
FLASH_GetStatus                                   StdPeriph_Driver\src\stm32f0xx_flash.o
FLASH_IRQHandler                                  startup\startup_stm32f0xx.o
FLASH_ITConfig                                    StdPeriph_Driver\src\stm32f0xx_flash.o
FLASH_Lock                                        StdPeriph_Driver\src\stm32f0xx_flash.o
FLASH_OB_BOOTConfig                               StdPeriph_Driver\src\stm32f0xx_flash.o
FLASH_OB_EnableWRP                                StdPeriph_Driver\src\stm32f0xx_flash.o
FLASH_OB_Erase                                    StdPeriph_Driver\src\stm32f0xx_flash.o
FLASH_OB_GetRDP                                   StdPeriph_Driver\src\stm32f0xx_flash.o
FLASH_OB_GetUser                                  StdPeriph_Driver\src\stm32f0xx_flash.o
FLASH_OB_GetWRP                                   StdPeriph_Driver\src\stm32f0xx_flash.o
FLASH_OB_Launch                                   StdPeriph_Driver\src\stm32f0xx_flash.o
FLASH_OB_Lock                                     StdPeriph_Driver\src\stm32f0xx_flash.o
FLASH_OB_RDPConfig                                StdPeriph_Driver\src\stm32f0xx_flash.o
FLASH_OB_SRAMParityConfig                         StdPeriph_Driver\src\stm32f0xx_flash.o
FLASH_OB_Unlock                                   StdPeriph_Driver\src\stm32f0xx_flash.o
FLASH_OB_UserConfig                               StdPeriph_Driver\src\stm32f0xx_flash.o
FLASH_OB_VDDAConfig                               StdPeriph_Driver\src\stm32f0xx_flash.o
FLASH_OB_WriteUser                                StdPeriph_Driver\src\stm32f0xx_flash.o
FLASH_PrefetchBufferCmd                           StdPeriph_Driver\src\stm32f0xx_flash.o
FLASH_ProgramHalfWord                             StdPeriph_Driver\src\stm32f0xx_flash.o
FLASH_ProgramOptionByteData                       StdPeriph_Driver\src\stm32f0xx_flash.o
FLASH_ProgramWord                                 StdPeriph_Driver\src\stm32f0xx_flash.o
FLASH_SetLatency                                  StdPeriph_Driver\src\stm32f0xx_flash.o
FLASH_Unlock                                      StdPeriph_Driver\src\stm32f0xx_flash.o
FLASH_WaitForLastOperation                        StdPeriph_Driver\src\stm32f0xx_flash.o
GPIO_CLK                                          Utilities\stm32f0_discovery.o
GPIO_DeInit                                       StdPeriph_Driver\src\stm32f0xx_gpio.o
GPIO_Init                                         StdPeriph_Driver\src\stm32f0xx_gpio.o
                                                  src\main.o
                                                  Utilities\stm32f0_discovery.o
GPIO_PIN                                          Utilities\stm32f0_discovery.o
GPIO_PORT                                         Utilities\stm32f0_discovery.o
GPIO_PinAFConfig                                  StdPeriph_Driver\src\stm32f0xx_gpio.o
GPIO_PinLockConfig                                StdPeriph_Driver\src\stm32f0xx_gpio.o
GPIO_ReadInputData                                StdPeriph_Driver\src\stm32f0xx_gpio.o
GPIO_ReadInputDataBit                             StdPeriph_Driver\src\stm32f0xx_gpio.o
                                                  Utilities\stm32f0_discovery.o
GPIO_ReadOutputData                               StdPeriph_Driver\src\stm32f0xx_gpio.o
GPIO_ReadOutputDataBit                            StdPeriph_Driver\src\stm32f0xx_gpio.o
GPIO_ResetBits                                    StdPeriph_Driver\src\stm32f0xx_gpio.o
GPIO_SetBits                                      StdPeriph_Driver\src\stm32f0xx_gpio.o
GPIO_StructInit                                   StdPeriph_Driver\src\stm32f0xx_gpio.o
                                                  src\main.o
GPIO_Write                                        StdPeriph_Driver\src\stm32f0xx_gpio.o
GPIO_WriteBit                                     StdPeriph_Driver\src\stm32f0xx_gpio.o
GetTrueRandomNumber                               src\main.o
Gpio_Init                                         src\main.o
HardFault_Handler                                 startup\startup_stm32f0xx.o
I2C1_IRQHandler                                   startup\startup_stm32f0xx.o
I2C2_IRQHandler                                   startup\startup_stm32f0xx.o
I2C_10BitAddressHeaderCmd                         StdPeriph_Driver\src\stm32f0xx_i2c.o
I2C_10BitAddressingModeCmd                        StdPeriph_Driver\src\stm32f0xx_i2c.o
I2C_AcknowledgeConfig                             StdPeriph_Driver\src\stm32f0xx_i2c.o
I2C_AutoEndCmd                                    StdPeriph_Driver\src\stm32f0xx_i2c.o
I2C_CalculatePEC                                  StdPeriph_Driver\src\stm32f0xx_i2c.o
I2C_ClearFlag                                     StdPeriph_Driver\src\stm32f0xx_i2c.o
I2C_ClearITPendingBit                             StdPeriph_Driver\src\stm32f0xx_i2c.o
I2C_ClockTimeoutCmd                               StdPeriph_Driver\src\stm32f0xx_i2c.o
I2C_Cmd                                           StdPeriph_Driver\src\stm32f0xx_i2c.o
I2C_DMACmd                                        StdPeriph_Driver\src\stm32f0xx_i2c.o
I2C_DeInit                                        StdPeriph_Driver\src\stm32f0xx_i2c.o
I2C_DualAddressCmd                                StdPeriph_Driver\src\stm32f0xx_i2c.o
I2C_ExtendedClockTimeoutCmd                       StdPeriph_Driver\src\stm32f0xx_i2c.o
I2C_GeneralCallCmd                                StdPeriph_Driver\src\stm32f0xx_i2c.o
I2C_GenerateSTART                                 StdPeriph_Driver\src\stm32f0xx_i2c.o
I2C_GenerateSTOP                                  StdPeriph_Driver\src\stm32f0xx_i2c.o
I2C_GetAddressMatched                             StdPeriph_Driver\src\stm32f0xx_i2c.o
I2C_GetFlagStatus                                 StdPeriph_Driver\src\stm32f0xx_i2c.o
I2C_GetITStatus                                   StdPeriph_Driver\src\stm32f0xx_i2c.o
I2C_GetPEC                                        StdPeriph_Driver\src\stm32f0xx_i2c.o
I2C_GetTransferDirection                          StdPeriph_Driver\src\stm32f0xx_i2c.o
I2C_ITConfig                                      StdPeriph_Driver\src\stm32f0xx_i2c.o
I2C_IdleClockTimeoutCmd                           StdPeriph_Driver\src\stm32f0xx_i2c.o
I2C_Init                                          StdPeriph_Driver\src\stm32f0xx_i2c.o
I2C_MasterRequestConfig                           StdPeriph_Driver\src\stm32f0xx_i2c.o
I2C_NumberOfBytesConfig                           StdPeriph_Driver\src\stm32f0xx_i2c.o
I2C_OwnAddress2Config                             StdPeriph_Driver\src\stm32f0xx_i2c.o
I2C_PECRequestCmd                                 StdPeriph_Driver\src\stm32f0xx_i2c.o
I2C_ReadRegister                                  StdPeriph_Driver\src\stm32f0xx_i2c.o
I2C_ReceiveData                                   StdPeriph_Driver\src\stm32f0xx_i2c.o
I2C_ReloadCmd                                     StdPeriph_Driver\src\stm32f0xx_i2c.o
I2C_SMBusAlertCmd                                 StdPeriph_Driver\src\stm32f0xx_i2c.o
I2C_SendData                                      StdPeriph_Driver\src\stm32f0xx_i2c.o
I2C_SlaveAddressConfig                            StdPeriph_Driver\src\stm32f0xx_i2c.o
I2C_SlaveByteControlCmd                           StdPeriph_Driver\src\stm32f0xx_i2c.o
I2C_SoftwareResetCmd                              StdPeriph_Driver\src\stm32f0xx_i2c.o
I2C_StopModeCmd                                   StdPeriph_Driver\src\stm32f0xx_i2c.o
I2C_StretchClockCmd                               StdPeriph_Driver\src\stm32f0xx_i2c.o
I2C_StructInit                                    StdPeriph_Driver\src\stm32f0xx_i2c.o
I2C_TimeoutAConfig                                StdPeriph_Driver\src\stm32f0xx_i2c.o
I2C_TimeoutBConfig                                StdPeriph_Driver\src\stm32f0xx_i2c.o
I2C_TransferHandling                              StdPeriph_Driver\src\stm32f0xx_i2c.o
I2S_Cmd                                           StdPeriph_Driver\src\stm32f0xx_spi.o
I2S_Init                                          StdPeriph_Driver\src\stm32f0xx_spi.o
I2S_StructInit                                    StdPeriph_Driver\src\stm32f0xx_spi.o
IWDG_Enable                                       StdPeriph_Driver\src\stm32f0xx_iwdg.o
IWDG_GetFlagStatus                                StdPeriph_Driver\src\stm32f0xx_iwdg.o
IWDG_ReloadCounter                                StdPeriph_Driver\src\stm32f0xx_iwdg.o
IWDG_SetPrescaler                                 StdPeriph_Driver\src\stm32f0xx_iwdg.o
IWDG_SetReload                                    StdPeriph_Driver\src\stm32f0xx_iwdg.o
IWDG_SetWindowValue                               StdPeriph_Driver\src\stm32f0xx_iwdg.o
IWDG_WriteAccessCmd                               StdPeriph_Driver\src\stm32f0xx_iwdg.o
NMI_Handler                                       startup\startup_stm32f0xx.o
NVIC_Init                                         StdPeriph_Driver\src\stm32f0xx_misc.o
                                                  Utilities\stm32f0_discovery.o
NVIC_SystemLPConfig                               StdPeriph_Driver\src\stm32f0xx_misc.o
PVD_IRQHandler                                    startup\startup_stm32f0xx.o
PWR_BackupAccessCmd                               StdPeriph_Driver\src\stm32f0xx_pwr.o
PWR_ClearFlag                                     StdPeriph_Driver\src\stm32f0xx_pwr.o
PWR_DeInit                                        StdPeriph_Driver\src\stm32f0xx_pwr.o
PWR_EnterSTANDBYMode                              StdPeriph_Driver\src\stm32f0xx_pwr.o
PWR_EnterSTOPMode                                 StdPeriph_Driver\src\stm32f0xx_pwr.o
                                                  src\main.o
PWR_EnterSleepMode                                StdPeriph_Driver\src\stm32f0xx_pwr.o
PWR_GetFlagStatus                                 StdPeriph_Driver\src\stm32f0xx_pwr.o
PWR_PVDCmd                                        StdPeriph_Driver\src\stm32f0xx_pwr.o
PWR_PVDLevelConfig                                StdPeriph_Driver\src\stm32f0xx_pwr.o
PWR_WakeUpPinCmd                                  StdPeriph_Driver\src\stm32f0xx_pwr.o
PendSV_Handler                                    startup\startup_stm32f0xx.o
RCC_ADCCLKConfig                                  StdPeriph_Driver\src\stm32f0xx_rcc.o
                                                  src\main.o
RCC_AHBPeriphClockCmd                             StdPeriph_Driver\src\stm32f0xx_rcc.o
                                                  src\main.o
                                                  Utilities\stm32f0_discovery.o
RCC_AHBPeriphResetCmd                             StdPeriph_Driver\src\stm32f0xx_rcc.o
                                                  StdPeriph_Driver\src\stm32f0xx_gpio.o
RCC_APB1PeriphClockCmd                            StdPeriph_Driver\src\stm32f0xx_rcc.o
RCC_APB1PeriphResetCmd                            StdPeriph_Driver\src\stm32f0xx_rcc.o
                                                  StdPeriph_Driver\src\stm32f0xx_wwdg.o
                                                  StdPeriph_Driver\src\stm32f0xx_usart.o
                                                  StdPeriph_Driver\src\stm32f0xx_tim.o
                                                  StdPeriph_Driver\src\stm32f0xx_spi.o
                                                  StdPeriph_Driver\src\stm32f0xx_pwr.o
                                                  StdPeriph_Driver\src\stm32f0xx_i2c.o
                                                  StdPeriph_Driver\src\stm32f0xx_dac.o
                                                  StdPeriph_Driver\src\stm32f0xx_cec.o
RCC_APB2PeriphClockCmd                            StdPeriph_Driver\src\stm32f0xx_rcc.o
                                                  Utilities\stm32f0_discovery.o
RCC_APB2PeriphResetCmd                            StdPeriph_Driver\src\stm32f0xx_rcc.o
                                                  StdPeriph_Driver\src\stm32f0xx_usart.o
                                                  StdPeriph_Driver\src\stm32f0xx_tim.o
                                                  StdPeriph_Driver\src\stm32f0xx_spi.o
                                                  StdPeriph_Driver\src\stm32f0xx_adc.o
RCC_AdjustHSI14CalibrationValue                   StdPeriph_Driver\src\stm32f0xx_rcc.o
RCC_AdjustHSICalibrationValue                     StdPeriph_Driver\src\stm32f0xx_rcc.o
RCC_BackupResetCmd                                StdPeriph_Driver\src\stm32f0xx_rcc.o
RCC_CECCLKConfig                                  StdPeriph_Driver\src\stm32f0xx_rcc.o
RCC_ClearFlag                                     StdPeriph_Driver\src\stm32f0xx_rcc.o
RCC_ClearITPendingBit                             StdPeriph_Driver\src\stm32f0xx_rcc.o
RCC_ClockSecuritySystemCmd                        StdPeriph_Driver\src\stm32f0xx_rcc.o
RCC_DeInit                                        StdPeriph_Driver\src\stm32f0xx_rcc.o
RCC_GetClocksFreq                                 StdPeriph_Driver\src\stm32f0xx_rcc.o
                                                  src\main.o
                                                  StdPeriph_Driver\src\stm32f0xx_usart.o
                                                  StdPeriph_Driver\src\stm32f0xx_spi.o
RCC_GetFlagStatus                                 StdPeriph_Driver\src\stm32f0xx_rcc.o
                                                  src\main.o
RCC_GetITStatus                                   StdPeriph_Driver\src\stm32f0xx_rcc.o
RCC_GetSYSCLKSource                               StdPeriph_Driver\src\stm32f0xx_rcc.o
RCC_HCLKConfig                                    StdPeriph_Driver\src\stm32f0xx_rcc.o
RCC_HSEConfig                                     StdPeriph_Driver\src\stm32f0xx_rcc.o
RCC_HSI14ADCRequestCmd                            StdPeriph_Driver\src\stm32f0xx_rcc.o
RCC_HSI14Cmd                                      StdPeriph_Driver\src\stm32f0xx_rcc.o
                                                  src\main.o
RCC_HSICmd                                        StdPeriph_Driver\src\stm32f0xx_rcc.o
RCC_I2CCLKConfig                                  StdPeriph_Driver\src\stm32f0xx_rcc.o
RCC_IRQHandler                                    startup\startup_stm32f0xx.o
RCC_ITConfig                                      StdPeriph_Driver\src\stm32f0xx_rcc.o
RCC_LSEConfig                                     StdPeriph_Driver\src\stm32f0xx_rcc.o
RCC_LSEDriveConfig                                StdPeriph_Driver\src\stm32f0xx_rcc.o
RCC_LSICmd                                        StdPeriph_Driver\src\stm32f0xx_rcc.o
RCC_MCOConfig                                     StdPeriph_Driver\src\stm32f0xx_rcc.o
RCC_PCLKConfig                                    StdPeriph_Driver\src\stm32f0xx_rcc.o
RCC_PLLCmd                                        StdPeriph_Driver\src\stm32f0xx_rcc.o
RCC_PLLConfig                                     StdPeriph_Driver\src\stm32f0xx_rcc.o
RCC_PREDIV1Config                                 StdPeriph_Driver\src\stm32f0xx_rcc.o
RCC_RTCCLKCmd                                     StdPeriph_Driver\src\stm32f0xx_rcc.o
RCC_RTCCLKConfig                                  StdPeriph_Driver\src\stm32f0xx_rcc.o
RCC_SYSCLKConfig                                  StdPeriph_Driver\src\stm32f0xx_rcc.o
RCC_USARTCLKConfig                                StdPeriph_Driver\src\stm32f0xx_rcc.o
RCC_WaitForHSEStartUp                             StdPeriph_Driver\src\stm32f0xx_rcc.o
RTC_AlarmCmd                                      StdPeriph_Driver\src\stm32f0xx_rtc.o
RTC_AlarmStructInit                               StdPeriph_Driver\src\stm32f0xx_rtc.o
RTC_AlarmSubSecondConfig                          StdPeriph_Driver\src\stm32f0xx_rtc.o
RTC_BypassShadowCmd                               StdPeriph_Driver\src\stm32f0xx_rtc.o
RTC_CalibOutputCmd                                StdPeriph_Driver\src\stm32f0xx_rtc.o
RTC_CalibOutputConfig                             StdPeriph_Driver\src\stm32f0xx_rtc.o
RTC_ClearFlag                                     StdPeriph_Driver\src\stm32f0xx_rtc.o
RTC_ClearITPendingBit                             StdPeriph_Driver\src\stm32f0xx_rtc.o
RTC_DateStructInit                                StdPeriph_Driver\src\stm32f0xx_rtc.o
RTC_DayLightSavingConfig                          StdPeriph_Driver\src\stm32f0xx_rtc.o
RTC_DeInit                                        StdPeriph_Driver\src\stm32f0xx_rtc.o
RTC_EnterInitMode                                 StdPeriph_Driver\src\stm32f0xx_rtc.o
RTC_ExitInitMode                                  StdPeriph_Driver\src\stm32f0xx_rtc.o
RTC_GetAlarm                                      StdPeriph_Driver\src\stm32f0xx_rtc.o
RTC_GetAlarmSubSecond                             StdPeriph_Driver\src\stm32f0xx_rtc.o
RTC_GetDate                                       StdPeriph_Driver\src\stm32f0xx_rtc.o
RTC_GetFlagStatus                                 StdPeriph_Driver\src\stm32f0xx_rtc.o
RTC_GetITStatus                                   StdPeriph_Driver\src\stm32f0xx_rtc.o
RTC_GetStoreOperation                             StdPeriph_Driver\src\stm32f0xx_rtc.o
RTC_GetSubSecond                                  StdPeriph_Driver\src\stm32f0xx_rtc.o
RTC_GetTime                                       StdPeriph_Driver\src\stm32f0xx_rtc.o
RTC_GetTimeStamp                                  StdPeriph_Driver\src\stm32f0xx_rtc.o
RTC_GetTimeStampSubSecond                         StdPeriph_Driver\src\stm32f0xx_rtc.o
RTC_IRQHandler                                    src\main.o
RTC_ITConfig                                      StdPeriph_Driver\src\stm32f0xx_rtc.o
RTC_Init                                          StdPeriph_Driver\src\stm32f0xx_rtc.o
RTC_Init_                                         src\main.o
RTC_OutputConfig                                  StdPeriph_Driver\src\stm32f0xx_rtc.o
RTC_OutputTypeConfig                              StdPeriph_Driver\src\stm32f0xx_rtc.o
RTC_ReadBackupRegister                            StdPeriph_Driver\src\stm32f0xx_rtc.o
RTC_RefClockCmd                                   StdPeriph_Driver\src\stm32f0xx_rtc.o
RTC_SetAlarm                                      StdPeriph_Driver\src\stm32f0xx_rtc.o
RTC_SetDate                                       StdPeriph_Driver\src\stm32f0xx_rtc.o
RTC_SetTime                                       StdPeriph_Driver\src\stm32f0xx_rtc.o
RTC_SmoothCalibConfig                             StdPeriph_Driver\src\stm32f0xx_rtc.o
RTC_StructInit                                    StdPeriph_Driver\src\stm32f0xx_rtc.o
RTC_SynchroShiftConfig                            StdPeriph_Driver\src\stm32f0xx_rtc.o
RTC_TamperCmd                                     StdPeriph_Driver\src\stm32f0xx_rtc.o
RTC_TamperFilterConfig                            StdPeriph_Driver\src\stm32f0xx_rtc.o
RTC_TamperPinsPrechargeDuration                   StdPeriph_Driver\src\stm32f0xx_rtc.o
RTC_TamperPullUpCmd                               StdPeriph_Driver\src\stm32f0xx_rtc.o
RTC_TamperSamplingFreqConfig                      StdPeriph_Driver\src\stm32f0xx_rtc.o
RTC_TamperTriggerConfig                           StdPeriph_Driver\src\stm32f0xx_rtc.o
RTC_TimeStampCmd                                  StdPeriph_Driver\src\stm32f0xx_rtc.o
RTC_TimeStampOnTamperDetectionCmd                 StdPeriph_Driver\src\stm32f0xx_rtc.o
RTC_TimeStructInit                                StdPeriph_Driver\src\stm32f0xx_rtc.o
RTC_WaitForSynchro                                StdPeriph_Driver\src\stm32f0xx_rtc.o
RTC_WriteAccess                                   src\main.o
RTC_WriteBackupRegister                           StdPeriph_Driver\src\stm32f0xx_rtc.o
RTC_WriteProtectionCmd                            StdPeriph_Driver\src\stm32f0xx_rtc.o
Reset_Handler                                     startup\startup_stm32f0xx.o
SPI1_IRQHandler                                   startup\startup_stm32f0xx.o
SPI2_IRQHandler                                   startup\startup_stm32f0xx.o
SPI_BiDirectionalLineConfig                       StdPeriph_Driver\src\stm32f0xx_spi.o
SPI_CRCLengthConfig                               StdPeriph_Driver\src\stm32f0xx_spi.o
SPI_CalculateCRC                                  StdPeriph_Driver\src\stm32f0xx_spi.o
SPI_Cmd                                           StdPeriph_Driver\src\stm32f0xx_spi.o
SPI_DataSizeConfig                                StdPeriph_Driver\src\stm32f0xx_spi.o
SPI_GetCRC                                        StdPeriph_Driver\src\stm32f0xx_spi.o
SPI_GetCRCPolynomial                              StdPeriph_Driver\src\stm32f0xx_spi.o
SPI_GetReceptionFIFOStatus                        StdPeriph_Driver\src\stm32f0xx_spi.o
SPI_GetTransmissionFIFOStatus                     StdPeriph_Driver\src\stm32f0xx_spi.o
SPI_I2S_ClearFlag                                 StdPeriph_Driver\src\stm32f0xx_spi.o
SPI_I2S_DMACmd                                    StdPeriph_Driver\src\stm32f0xx_spi.o
SPI_I2S_DeInit                                    StdPeriph_Driver\src\stm32f0xx_spi.o
SPI_I2S_GetFlagStatus                             StdPeriph_Driver\src\stm32f0xx_spi.o
SPI_I2S_GetITStatus                               StdPeriph_Driver\src\stm32f0xx_spi.o
SPI_I2S_ITConfig                                  StdPeriph_Driver\src\stm32f0xx_spi.o
SPI_I2S_ReceiveData16                             StdPeriph_Driver\src\stm32f0xx_spi.o
SPI_I2S_SendData16                                StdPeriph_Driver\src\stm32f0xx_spi.o
SPI_Init                                          StdPeriph_Driver\src\stm32f0xx_spi.o
SPI_LastDMATransferCmd                            StdPeriph_Driver\src\stm32f0xx_spi.o
SPI_NSSInternalSoftwareConfig                     StdPeriph_Driver\src\stm32f0xx_spi.o
SPI_NSSPulseModeCmd                               StdPeriph_Driver\src\stm32f0xx_spi.o
SPI_ReceiveData8                                  StdPeriph_Driver\src\stm32f0xx_spi.o
SPI_RxFIFOThresholdConfig                         StdPeriph_Driver\src\stm32f0xx_spi.o
SPI_SSOutputCmd                                   StdPeriph_Driver\src\stm32f0xx_spi.o
SPI_SendData8                                     StdPeriph_Driver\src\stm32f0xx_spi.o
SPI_StructInit                                    StdPeriph_Driver\src\stm32f0xx_spi.o
SPI_TIModeCmd                                     StdPeriph_Driver\src\stm32f0xx_spi.o
SPI_TransmitCRC                                   StdPeriph_Driver\src\stm32f0xx_spi.o
STM_EVAL_LEDInit                                  Utilities\stm32f0_discovery.o
STM_EVAL_LEDOff                                   Utilities\stm32f0_discovery.o
STM_EVAL_LEDOn                                    Utilities\stm32f0_discovery.o
STM_EVAL_LEDToggle                                Utilities\stm32f0_discovery.o
STM_EVAL_PBGetState                               Utilities\stm32f0_discovery.o
STM_EVAL_PBInit                                   Utilities\stm32f0_discovery.o
SVC_Handler                                       startup\startup_stm32f0xx.o
SYSCFG_BreakConfig                                StdPeriph_Driver\src\stm32f0xx_syscfg.o
SYSCFG_ClearFlag                                  StdPeriph_Driver\src\stm32f0xx_syscfg.o
SYSCFG_DMAChannelRemapConfig                      StdPeriph_Driver\src\stm32f0xx_syscfg.o
SYSCFG_DeInit                                     StdPeriph_Driver\src\stm32f0xx_syscfg.o
SYSCFG_EXTILineConfig                             StdPeriph_Driver\src\stm32f0xx_syscfg.o
                                                  Utilities\stm32f0_discovery.o
SYSCFG_GetFlagStatus                              StdPeriph_Driver\src\stm32f0xx_syscfg.o
SYSCFG_I2CFastModePlusConfig                      StdPeriph_Driver\src\stm32f0xx_syscfg.o
SYSCFG_MemoryRemapConfig                          StdPeriph_Driver\src\stm32f0xx_syscfg.o
StopMode                                          src\main.o
SysTick_CLKSourceConfig                           StdPeriph_Driver\src\stm32f0xx_misc.o
SysTick_Handler                                   src\timer.o
SystemCoreClock                                   startup\system_stm32f0xx.o
                                                  src\timer.o
SystemCoreClockUpdate                             startup\system_stm32f0xx.o
SystemInit                                        startup\system_stm32f0xx.o
                                                  startup\startup_stm32f0xx.o
TIM14_IRQHandler                                  startup\startup_stm32f0xx.o
TIM15_IRQHandler                                  startup\startup_stm32f0xx.o
TIM16_IRQHandler                                  startup\startup_stm32f0xx.o
TIM17_IRQHandler                                  startup\startup_stm32f0xx.o
TIM1_BRK_UP_TRG_COM_IRQHandler                    startup\startup_stm32f0xx.o
TIM1_CC_IRQHandler                                startup\startup_stm32f0xx.o
TIM2_IRQHandler                                   startup\startup_stm32f0xx.o
TIM3_IRQHandler                                   startup\startup_stm32f0xx.o
TIM6_DAC_IRQHandler                               startup\startup_stm32f0xx.o
TIM_ARRPreloadConfig                              StdPeriph_Driver\src\stm32f0xx_tim.o
TIM_BDTRConfig                                    StdPeriph_Driver\src\stm32f0xx_tim.o
TIM_BDTRStructInit                                StdPeriph_Driver\src\stm32f0xx_tim.o
TIM_CCPreloadControl                              StdPeriph_Driver\src\stm32f0xx_tim.o
TIM_CCxCmd                                        StdPeriph_Driver\src\stm32f0xx_tim.o
TIM_CCxNCmd                                       StdPeriph_Driver\src\stm32f0xx_tim.o
TIM_ClearFlag                                     StdPeriph_Driver\src\stm32f0xx_tim.o
TIM_ClearITPendingBit                             StdPeriph_Driver\src\stm32f0xx_tim.o
TIM_ClearOC1Ref                                   StdPeriph_Driver\src\stm32f0xx_tim.o
TIM_ClearOC2Ref                                   StdPeriph_Driver\src\stm32f0xx_tim.o
TIM_ClearOC3Ref                                   StdPeriph_Driver\src\stm32f0xx_tim.o
TIM_ClearOC4Ref                                   StdPeriph_Driver\src\stm32f0xx_tim.o
TIM_Cmd                                           StdPeriph_Driver\src\stm32f0xx_tim.o
TIM_CounterModeConfig                             StdPeriph_Driver\src\stm32f0xx_tim.o
TIM_CtrlPWMOutputs                                StdPeriph_Driver\src\stm32f0xx_tim.o
TIM_DMACmd                                        StdPeriph_Driver\src\stm32f0xx_tim.o
TIM_DMAConfig                                     StdPeriph_Driver\src\stm32f0xx_tim.o
TIM_DeInit                                        StdPeriph_Driver\src\stm32f0xx_tim.o
TIM_ETRClockMode1Config                           StdPeriph_Driver\src\stm32f0xx_tim.o
TIM_ETRClockMode2Config                           StdPeriph_Driver\src\stm32f0xx_tim.o
TIM_ETRConfig                                     StdPeriph_Driver\src\stm32f0xx_tim.o
TIM_EncoderInterfaceConfig                        StdPeriph_Driver\src\stm32f0xx_tim.o
TIM_ForcedOC1Config                               StdPeriph_Driver\src\stm32f0xx_tim.o
TIM_ForcedOC2Config                               StdPeriph_Driver\src\stm32f0xx_tim.o
TIM_ForcedOC3Config                               StdPeriph_Driver\src\stm32f0xx_tim.o
TIM_ForcedOC4Config                               StdPeriph_Driver\src\stm32f0xx_tim.o
TIM_GenerateEvent                                 StdPeriph_Driver\src\stm32f0xx_tim.o
TIM_GetCapture1                                   StdPeriph_Driver\src\stm32f0xx_tim.o
TIM_GetCapture2                                   StdPeriph_Driver\src\stm32f0xx_tim.o
TIM_GetCapture3                                   StdPeriph_Driver\src\stm32f0xx_tim.o
TIM_GetCapture4                                   StdPeriph_Driver\src\stm32f0xx_tim.o
TIM_GetCounter                                    StdPeriph_Driver\src\stm32f0xx_tim.o
TIM_GetFlagStatus                                 StdPeriph_Driver\src\stm32f0xx_tim.o
TIM_GetITStatus                                   StdPeriph_Driver\src\stm32f0xx_tim.o
TIM_GetPrescaler                                  StdPeriph_Driver\src\stm32f0xx_tim.o
TIM_ICInit                                        StdPeriph_Driver\src\stm32f0xx_tim.o
TIM_ICStructInit                                  StdPeriph_Driver\src\stm32f0xx_tim.o
TIM_ITConfig                                      StdPeriph_Driver\src\stm32f0xx_tim.o
TIM_ITRxExternalClockConfig                       StdPeriph_Driver\src\stm32f0xx_tim.o
TIM_InternalClockConfig                           StdPeriph_Driver\src\stm32f0xx_tim.o
TIM_OC1FastConfig                                 StdPeriph_Driver\src\stm32f0xx_tim.o
TIM_OC1Init                                       StdPeriph_Driver\src\stm32f0xx_tim.o
TIM_OC1NPolarityConfig                            StdPeriph_Driver\src\stm32f0xx_tim.o
TIM_OC1PolarityConfig                             StdPeriph_Driver\src\stm32f0xx_tim.o
TIM_OC1PreloadConfig                              StdPeriph_Driver\src\stm32f0xx_tim.o
TIM_OC2FastConfig                                 StdPeriph_Driver\src\stm32f0xx_tim.o
TIM_OC2Init                                       StdPeriph_Driver\src\stm32f0xx_tim.o
TIM_OC2NPolarityConfig                            StdPeriph_Driver\src\stm32f0xx_tim.o
TIM_OC2PolarityConfig                             StdPeriph_Driver\src\stm32f0xx_tim.o
TIM_OC2PreloadConfig                              StdPeriph_Driver\src\stm32f0xx_tim.o
TIM_OC3FastConfig                                 StdPeriph_Driver\src\stm32f0xx_tim.o
TIM_OC3Init                                       StdPeriph_Driver\src\stm32f0xx_tim.o
TIM_OC3NPolarityConfig                            StdPeriph_Driver\src\stm32f0xx_tim.o
TIM_OC3PolarityConfig                             StdPeriph_Driver\src\stm32f0xx_tim.o
TIM_OC3PreloadConfig                              StdPeriph_Driver\src\stm32f0xx_tim.o
TIM_OC4FastConfig                                 StdPeriph_Driver\src\stm32f0xx_tim.o
TIM_OC4Init                                       StdPeriph_Driver\src\stm32f0xx_tim.o
TIM_OC4PolarityConfig                             StdPeriph_Driver\src\stm32f0xx_tim.o
TIM_OC4PreloadConfig                              StdPeriph_Driver\src\stm32f0xx_tim.o
TIM_OCStructInit                                  StdPeriph_Driver\src\stm32f0xx_tim.o
TIM_PWMIConfig                                    StdPeriph_Driver\src\stm32f0xx_tim.o
TIM_PrescalerConfig                               StdPeriph_Driver\src\stm32f0xx_tim.o
TIM_RemapConfig                                   StdPeriph_Driver\src\stm32f0xx_tim.o
TIM_SelectCCDMA                                   StdPeriph_Driver\src\stm32f0xx_tim.o
TIM_SelectCOM                                     StdPeriph_Driver\src\stm32f0xx_tim.o
TIM_SelectHallSensor                              StdPeriph_Driver\src\stm32f0xx_tim.o
TIM_SelectInputTrigger                            StdPeriph_Driver\src\stm32f0xx_tim.o
TIM_SelectMasterSlaveMode                         StdPeriph_Driver\src\stm32f0xx_tim.o
TIM_SelectOCREFClear                              StdPeriph_Driver\src\stm32f0xx_tim.o
TIM_SelectOCxM                                    StdPeriph_Driver\src\stm32f0xx_tim.o
TIM_SelectOnePulseMode                            StdPeriph_Driver\src\stm32f0xx_tim.o
TIM_SelectOutputTrigger                           StdPeriph_Driver\src\stm32f0xx_tim.o
TIM_SelectSlaveMode                               StdPeriph_Driver\src\stm32f0xx_tim.o
TIM_SetAutoreload                                 StdPeriph_Driver\src\stm32f0xx_tim.o
TIM_SetClockDivision                              StdPeriph_Driver\src\stm32f0xx_tim.o
TIM_SetCompare1                                   StdPeriph_Driver\src\stm32f0xx_tim.o
TIM_SetCompare2                                   StdPeriph_Driver\src\stm32f0xx_tim.o
TIM_SetCompare3                                   StdPeriph_Driver\src\stm32f0xx_tim.o
TIM_SetCompare4                                   StdPeriph_Driver\src\stm32f0xx_tim.o
TIM_SetCounter                                    StdPeriph_Driver\src\stm32f0xx_tim.o
TIM_SetIC1Prescaler                               StdPeriph_Driver\src\stm32f0xx_tim.o
TIM_SetIC2Prescaler                               StdPeriph_Driver\src\stm32f0xx_tim.o
TIM_SetIC3Prescaler                               StdPeriph_Driver\src\stm32f0xx_tim.o
TIM_SetIC4Prescaler                               StdPeriph_Driver\src\stm32f0xx_tim.o
TIM_TIxExternalClockConfig                        StdPeriph_Driver\src\stm32f0xx_tim.o
TIM_TimeBaseInit                                  StdPeriph_Driver\src\stm32f0xx_tim.o
TIM_TimeBaseStructInit                            StdPeriph_Driver\src\stm32f0xx_tim.o
TIM_UpdateDisableConfig                           StdPeriph_Driver\src\stm32f0xx_tim.o
TIM_UpdateRequestConfig                           StdPeriph_Driver\src\stm32f0xx_tim.o
TS_IRQHandler                                     startup\startup_stm32f0xx.o
TimerUs_Clear                                     src\timer.o
TimerUs_Delay                                     src\timer.o
                                                  src\main.o
TimerUs_GetMicroseconds                           src\timer.o
TimerUs_Init                                      src\timer.o
TimerUs_Start                                     src\timer.o
TimerUs_Stop                                      src\timer.o
Timer_Delay_ms                                    src\timer.o
Timer_GetTicks_ms                                 src\timer.o
Timer_Init                                        src\timer.o
                                                  src\main.o
Timer_SetSysTickCallback                          src\timer.o
USART1_IRQHandler                                 startup\startup_stm32f0xx.o
USART2_IRQHandler                                 startup\startup_stm32f0xx.o
USART_AddressDetectionConfig                      StdPeriph_Driver\src\stm32f0xx_usart.o
USART_AutoBaudRateCmd                             StdPeriph_Driver\src\stm32f0xx_usart.o
USART_AutoBaudRateConfig                          StdPeriph_Driver\src\stm32f0xx_usart.o
USART_AutoBaudRateNewRequest                      StdPeriph_Driver\src\stm32f0xx_usart.o
USART_ClearFlag                                   StdPeriph_Driver\src\stm32f0xx_usart.o
USART_ClearITPendingBit                           StdPeriph_Driver\src\stm32f0xx_usart.o
USART_ClockInit                                   StdPeriph_Driver\src\stm32f0xx_usart.o
USART_ClockStructInit                             StdPeriph_Driver\src\stm32f0xx_usart.o
USART_Cmd                                         StdPeriph_Driver\src\stm32f0xx_usart.o
USART_DECmd                                       StdPeriph_Driver\src\stm32f0xx_usart.o
USART_DEPolarityConfig                            StdPeriph_Driver\src\stm32f0xx_usart.o
USART_DMACmd                                      StdPeriph_Driver\src\stm32f0xx_usart.o
USART_DMAReceptionErrorConfig                     StdPeriph_Driver\src\stm32f0xx_usart.o
USART_DataInvCmd                                  StdPeriph_Driver\src\stm32f0xx_usart.o
USART_DeInit                                      StdPeriph_Driver\src\stm32f0xx_usart.o
USART_DirectionModeCmd                            StdPeriph_Driver\src\stm32f0xx_usart.o
USART_GetFlagStatus                               StdPeriph_Driver\src\stm32f0xx_usart.o
USART_GetITStatus                                 StdPeriph_Driver\src\stm32f0xx_usart.o
USART_HalfDuplexCmd                               StdPeriph_Driver\src\stm32f0xx_usart.o
USART_ITConfig                                    StdPeriph_Driver\src\stm32f0xx_usart.o
USART_Init                                        StdPeriph_Driver\src\stm32f0xx_usart.o
USART_InvPinCmd                                   StdPeriph_Driver\src\stm32f0xx_usart.o
USART_IrDACmd                                     StdPeriph_Driver\src\stm32f0xx_usart.o
USART_IrDAConfig                                  StdPeriph_Driver\src\stm32f0xx_usart.o
USART_LINBreakDetectLengthConfig                  StdPeriph_Driver\src\stm32f0xx_usart.o
USART_LINCmd                                      StdPeriph_Driver\src\stm32f0xx_usart.o
USART_MSBFirstCmd                                 StdPeriph_Driver\src\stm32f0xx_usart.o
USART_MuteModeCmd                                 StdPeriph_Driver\src\stm32f0xx_usart.o
USART_MuteModeWakeUpConfig                        StdPeriph_Driver\src\stm32f0xx_usart.o
USART_OneBitMethodCmd                             StdPeriph_Driver\src\stm32f0xx_usart.o
USART_OverSampling8Cmd                            StdPeriph_Driver\src\stm32f0xx_usart.o
USART_OverrunDetectionConfig                      StdPeriph_Driver\src\stm32f0xx_usart.o
USART_ReceiveData                                 StdPeriph_Driver\src\stm32f0xx_usart.o
USART_ReceiverTimeOutCmd                          StdPeriph_Driver\src\stm32f0xx_usart.o
USART_RequestCmd                                  StdPeriph_Driver\src\stm32f0xx_usart.o
USART_STOPModeCmd                                 StdPeriph_Driver\src\stm32f0xx_usart.o
USART_SWAPPinCmd                                  StdPeriph_Driver\src\stm32f0xx_usart.o
USART_SendData                                    StdPeriph_Driver\src\stm32f0xx_usart.o
USART_SetAddress                                  StdPeriph_Driver\src\stm32f0xx_usart.o
USART_SetAutoRetryCount                           StdPeriph_Driver\src\stm32f0xx_usart.o
USART_SetBlockLength                              StdPeriph_Driver\src\stm32f0xx_usart.o
USART_SetDEAssertionTime                          StdPeriph_Driver\src\stm32f0xx_usart.o
USART_SetDEDeassertionTime                        StdPeriph_Driver\src\stm32f0xx_usart.o
USART_SetGuardTime                                StdPeriph_Driver\src\stm32f0xx_usart.o
USART_SetPrescaler                                StdPeriph_Driver\src\stm32f0xx_usart.o
USART_SetReceiverTimeOut                          StdPeriph_Driver\src\stm32f0xx_usart.o
USART_SmartCardCmd                                StdPeriph_Driver\src\stm32f0xx_usart.o
USART_SmartCardNACKCmd                            StdPeriph_Driver\src\stm32f0xx_usart.o
USART_StopModeWakeUpSourceConfig                  StdPeriph_Driver\src\stm32f0xx_usart.o
USART_StructInit                                  StdPeriph_Driver\src\stm32f0xx_usart.o
WWDG_ClearFlag                                    StdPeriph_Driver\src\stm32f0xx_wwdg.o
WWDG_DeInit                                       StdPeriph_Driver\src\stm32f0xx_wwdg.o
WWDG_Enable                                       StdPeriph_Driver\src\stm32f0xx_wwdg.o
WWDG_EnableIT                                     StdPeriph_Driver\src\stm32f0xx_wwdg.o
WWDG_GetFlagStatus                                StdPeriph_Driver\src\stm32f0xx_wwdg.o
WWDG_IRQHandler                                   startup\startup_stm32f0xx.o
WWDG_SetCounter                                   StdPeriph_Driver\src\stm32f0xx_wwdg.o
WWDG_SetPrescaler                                 StdPeriph_Driver\src\stm32f0xx_wwdg.o
WWDG_SetWindowValue                               StdPeriph_Driver\src\stm32f0xx_wwdg.o
__aeabi_idiv0                                     c:/program files (x86)/atollic/truestudio for stm32 9.0.1/armtools/bin/../lib/gcc/arm-atollic-eabi/6.3.1/armv6-m\libgcc.a(_dvmd_tls.o)
                                                  c:/program files (x86)/atollic/truestudio for stm32 9.0.1/armtools/bin/../lib/gcc/arm-atollic-eabi/6.3.1/armv6-m\libgcc.a(_udivsi3.o)
__aeabi_ldiv0                                     c:/program files (x86)/atollic/truestudio for stm32 9.0.1/armtools/bin/../lib/gcc/arm-atollic-eabi/6.3.1/armv6-m\libgcc.a(_dvmd_tls.o)
__aeabi_uidiv                                     c:/program files (x86)/atollic/truestudio for stm32 9.0.1/armtools/bin/../lib/gcc/arm-atollic-eabi/6.3.1/armv6-m\libgcc.a(_udivsi3.o)
                                                  startup\system_stm32f0xx.o
                                                  src\timer.o
                                                  StdPeriph_Driver\src\stm32f0xx_usart.o
                                                  StdPeriph_Driver\src\stm32f0xx_spi.o
                                                  StdPeriph_Driver\src\stm32f0xx_rcc.o
__aeabi_uidivmod                                  c:/program files (x86)/atollic/truestudio for stm32 9.0.1/armtools/bin/../lib/gcc/arm-atollic-eabi/6.3.1/armv6-m\libgcc.a(_udivsi3.o)
__deregister_frame_info                           c:/program files (x86)/atollic/truestudio for stm32 9.0.1/armtools/bin/../lib/gcc/arm-atollic-eabi/6.3.1/armv6-m/crtbegin.o
__dso_handle                                      c:/program files (x86)/atollic/truestudio for stm32 9.0.1/armtools/bin/../lib/gcc/arm-atollic-eabi/6.3.1/armv6-m/crtbegin.o
__init_array_end                                  c:/program files (x86)/atollic/truestudio for stm32 9.0.1/armtools/bin/../lib/gcc/arm-atollic-eabi/6.3.1/../../../../arm-atollic-eabi/lib/armv6-m\libc_nano.a(lib_a-init.o)
__init_array_start                                c:/program files (x86)/atollic/truestudio for stm32 9.0.1/armtools/bin/../lib/gcc/arm-atollic-eabi/6.3.1/../../../../arm-atollic-eabi/lib/armv6-m\libc_nano.a(lib_a-init.o)
__libc_init_array                                 c:/program files (x86)/atollic/truestudio for stm32 9.0.1/armtools/bin/../lib/gcc/arm-atollic-eabi/6.3.1/../../../../arm-atollic-eabi/lib/armv6-m\libc_nano.a(lib_a-init.o)
                                                  startup\startup_stm32f0xx.o
__preinit_array_end                               c:/program files (x86)/atollic/truestudio for stm32 9.0.1/armtools/bin/../lib/gcc/arm-atollic-eabi/6.3.1/../../../../arm-atollic-eabi/lib/armv6-m\libc_nano.a(lib_a-init.o)
__preinit_array_start                             c:/program files (x86)/atollic/truestudio for stm32 9.0.1/armtools/bin/../lib/gcc/arm-atollic-eabi/6.3.1/../../../../arm-atollic-eabi/lib/armv6-m\libc_nano.a(lib_a-init.o)
__register_frame_info                             c:/program files (x86)/atollic/truestudio for stm32 9.0.1/armtools/bin/../lib/gcc/arm-atollic-eabi/6.3.1/armv6-m/crtbegin.o
__udivsi3                                         c:/program files (x86)/atollic/truestudio for stm32 9.0.1/armtools/bin/../lib/gcc/arm-atollic-eabi/6.3.1/armv6-m\libgcc.a(_udivsi3.o)
_ebss                                             startup\startup_stm32f0xx.o
_edata                                            startup\startup_stm32f0xx.o
_estack                                           startup\startup_stm32f0xx.o
_fini                                             c:/program files (x86)/atollic/truestudio for stm32 9.0.1/armtools/bin/../lib/gcc/arm-atollic-eabi/6.3.1/armv6-m/crti.o
_init                                             c:/program files (x86)/atollic/truestudio for stm32 9.0.1/armtools/bin/../lib/gcc/arm-atollic-eabi/6.3.1/armv6-m/crti.o
                                                  c:/program files (x86)/atollic/truestudio for stm32 9.0.1/armtools/bin/../lib/gcc/arm-atollic-eabi/6.3.1/../../../../arm-atollic-eabi/lib/armv6-m\libc_nano.a(lib_a-init.o)
_sbss                                             startup\startup_stm32f0xx.o
_sdata                                            startup\startup_stm32f0xx.o
_sidata                                           startup\startup_stm32f0xx.o
g_pfnVectors                                      startup\startup_stm32f0xx.o
main                                              src\main.o
                                                  startup\startup_stm32f0xx.o
pSysTickCallback                                  src\timer.o
