core_cm0.h:571:22:NVIC_SetPriority	24	static
core_cm0.h:639:26:SysTick_Config	16	static
timer.c:19:6:Timer_Init	8	static
timer.c:31:6:Timer_Delay_ms	16	static
timer.c:37:10:Timer_GetTicks_ms	8	static
timer.c:42:6:Timer_SetSysTickCallback	16	static
timer.c:47:6:SysTick_Handler	8	static
timer.c:63:6:TimerUs_Init	8	static
timer.c:74:6:TimerUs_Start	16	static
timer.c:82:10:TimerUs_GetMicroseconds	8	static
timer.c:87:6:TimerUs_Delay	24	static
timer.c:97:6:TimerUs_Clear	8	static
timer.c:102:6:TimerUs_Stop	8	static
