stm32f0xx_dac.c:148:6:DAC_DeInit	8	static
stm32f0xx_dac.c:167:6:DAC_Init	24	static
stm32f0xx_dac.c:201:6:DAC_StructInit	16	static
stm32f0xx_dac.c:221:6:DAC_Cmd	16	static
stm32f0xx_dac.c:248:6:DAC_SoftwareTriggerCmd	16	static
stm32f0xx_dac.c:276:6:DAC_SetChannel1Data	24	static
stm32f0xx_dac.c:298:10:DAC_GetDataOutputValue	24	static
stm32f0xx_dac.c:340:6:DAC_DMACmd	16	static
stm32f0xx_dac.c:388:6:DAC_ITConfig	24	static
stm32f0xx_dac.c:419:12:DAC_GetFlagStatus	24	static
stm32f0xx_dac.c:452:6:DAC_ClearFlag	16	static
stm32f0xx_dac.c:474:10:DAC_GetITStatus	24	static
stm32f0xx_dac.c:511:6:DAC_ClearITPendingBit	16	static
