stm32f0xx_rcc.c:146:6:RCC_DeInit	8	static
stm32f0xx_rcc.c:196:6:RCC_HSEConfig	16	static
stm32f0xx_rcc.c:222:13:RCC_WaitForHSEStartUp	24	static
stm32f0xx_rcc.c:256:6:RCC_AdjustHSICalibrationValue	24	static
stm32f0xx_rcc.c:290:6:RCC_HSICmd	16	static
stm32f0xx_rcc.c:316:6:RCC_AdjustHSI14CalibrationValue	24	static
stm32f0xx_rcc.c:347:6:RCC_HSI14Cmd	16	static
stm32f0xx_rcc.c:368:6:RCC_HSI14ADCRequestCmd	16	static
stm32f0xx_rcc.c:400:6:RCC_LSEConfig	16	static
stm32f0xx_rcc.c:426:6:RCC_LSEDriveConfig	16	static
stm32f0xx_rcc.c:450:6:RCC_LSICmd	16	static
stm32f0xx_rcc.c:481:6:RCC_PLLConfig	16	static
stm32f0xx_rcc.c:505:6:RCC_PLLCmd	16	static
stm32f0xx_rcc.c:527:6:RCC_PREDIV1Config	24	static
stm32f0xx_rcc.c:554:6:RCC_ClockSecuritySystemCmd	16	static
stm32f0xx_rcc.c:584:6:RCC_MCOConfig	16	static
stm32f0xx_rcc.c:689:6:RCC_SYSCLKConfig	24	static
stm32f0xx_rcc.c:717:9:RCC_GetSYSCLKSource	8	static
stm32f0xx_rcc.c:738:6:RCC_HCLKConfig	24	static
stm32f0xx_rcc.c:769:6:RCC_PCLKConfig	24	static
stm32f0xx_rcc.c:798:6:RCC_ADCCLKConfig	16	static
stm32f0xx_rcc.c:823:6:RCC_CECCLKConfig	16	static
stm32f0xx_rcc.c:843:6:RCC_I2CCLKConfig	16	static
stm32f0xx_rcc.c:865:6:RCC_USARTCLKConfig	16	static
stm32f0xx_rcc.c:912:6:RCC_GetClocksFreq	40	static
stm32f0xx_rcc.c:1086:6:RCC_RTCCLKConfig	16	static
stm32f0xx_rcc.c:1103:6:RCC_RTCCLKCmd	16	static
stm32f0xx_rcc.c:1126:6:RCC_BackupResetCmd	16	static
stm32f0xx_rcc.c:1162:6:RCC_AHBPeriphClockCmd	16	static
stm32f0xx_rcc.c:1198:6:RCC_APB2PeriphClockCmd	16	static
stm32f0xx_rcc.c:1237:6:RCC_APB1PeriphClockCmd	16	static
stm32f0xx_rcc.c:1267:6:RCC_AHBPeriphResetCmd	16	static
stm32f0xx_rcc.c:1300:6:RCC_APB2PeriphResetCmd	16	static
stm32f0xx_rcc.c:1336:6:RCC_APB1PeriphResetCmd	16	static
stm32f0xx_rcc.c:1387:6:RCC_ITConfig	16	static
stm32f0xx_rcc.c:1425:12:RCC_GetFlagStatus	32	static
stm32f0xx_rcc.c:1477:6:RCC_ClearFlag	8	static
stm32f0xx_rcc.c:1496:10:RCC_GetITStatus	24	static
stm32f0xx_rcc.c:1529:6:RCC_ClearITPendingBit	16	static
