stm32f0xx_cec.c:144:6:CEC_DeInit	8	static
stm32f0xx_cec.c:158:6:CEC_Init	24	static
stm32f0xx_cec.c:193:6:CEC_StructInit	16	static
stm32f0xx_cec.c:210:6:CEC_Cmd	16	static
stm32f0xx_cec.c:232:6:CEC_ListenModeCmd	16	static
stm32f0xx_cec.c:253:6:CEC_OwnAddressConfig	24	static
stm32f0xx_cec.c:268:6:CEC_OwnAddressClear	8	static
stm32f0xx_cec.c:298:6:CEC_SendData	16	static
stm32f0xx_cec.c:309:9:CEC_ReceiveData	8	static
stm32f0xx_cec.c:320:6:CEC_StartOfMessage	8	static
stm32f0xx_cec.c:331:6:CEC_EndOfMessage	8	static
stm32f0xx_cec.c:431:6:CEC_ITConfig	16	static
stm32f0xx_cec.c:468:12:CEC_GetFlagStatus	24	static
stm32f0xx_cec.c:509:6:CEC_ClearFlag	16	static
stm32f0xx_cec.c:536:10:CEC_GetITStatus	24	static
stm32f0xx_cec.c:582:6:CEC_ClearITPendingBit	16	static
