stm32f0xx_flash.c:135:6:FLASH_SetLatency	24	static
stm32f0xx_flash.c:159:6:FLASH_PrefetchBufferCmd	16	static
stm32f0xx_flash.c:179:12:FLASH_GetPrefetchBufferStatus	16	static
stm32f0xx_flash.c:232:6:FLASH_Unlock	8	static
stm32f0xx_flash.c:247:6:FLASH_Lock	8	static
stm32f0xx_flash.c:265:14:FLASH_ErasePage	32	static
stm32f0xx_flash.c:303:14:FLASH_EraseAllPages	24	static
stm32f0xx_flash.c:338:14:FLASH_ProgramWord	32	static
stm32f0xx_flash.c:396:14:FLASH_ProgramHalfWord	32	static
stm32f0xx_flash.c:486:6:FLASH_OB_Unlock	8	static
stm32f0xx_flash.c:501:6:FLASH_OB_Lock	8	static
stm32f0xx_flash.c:512:6:FLASH_OB_Launch	8	static
stm32f0xx_flash.c:529:14:FLASH_OB_Erase	24	static
stm32f0xx_flash.c:599:14:FLASH_OB_EnableWRP	32	static
stm32f0xx_flash.c:658:14:FLASH_OB_RDPConfig	32	static
stm32f0xx_flash.c:727:14:FLASH_OB_UserConfig	32	static
stm32f0xx_flash.c:767:14:FLASH_OB_BOOTConfig	32	static
stm32f0xx_flash.c:805:14:FLASH_OB_VDDAConfig	32	static
stm32f0xx_flash.c:843:14:FLASH_OB_SRAMParityConfig	32	static
stm32f0xx_flash.c:891:14:FLASH_OB_WriteUser	32	static
stm32f0xx_flash.c:931:14:FLASH_ProgramOptionByteData	32	static
stm32f0xx_flash.c:962:9:FLASH_OB_GetUser	8	static
stm32f0xx_flash.c:973:10:FLASH_OB_GetWRP	8	static
stm32f0xx_flash.c:984:12:FLASH_OB_GetRDP	16	static
stm32f0xx_flash.c:1024:6:FLASH_ITConfig	16	static
stm32f0xx_flash.c:1052:12:FLASH_GetFlagStatus	24	static
stm32f0xx_flash.c:1080:6:FLASH_ClearFlag	16	static
stm32f0xx_flash.c:1095:14:FLASH_GetStatus	16	static
stm32f0xx_flash.c:1132:14:FLASH_WaitForLastOperation	32	static
