stm32f0xx_tim.c:191:6:TIM_DeInit	16	static
stm32f0xx_tim.c:252:6:TIM_TimeBaseInit	24	static
stm32f0xx_tim.c:302:6:TIM_TimeBaseStructInit	16	static
stm32f0xx_tim.c:322:6:TIM_PrescalerConfig	16	static
stm32f0xx_tim.c:346:6:TIM_CounterModeConfig	24	static
stm32f0xx_tim.c:370:6:TIM_SetCounter	16	static
stm32f0xx_tim.c:385:6:TIM_SetAutoreload	16	static
stm32f0xx_tim.c:400:10:TIM_GetCounter	16	static
stm32f0xx_tim.c:415:10:TIM_GetPrescaler	16	static
stm32f0xx_tim.c:432:6:TIM_UpdateDisableConfig	16	static
stm32f0xx_tim.c:462:6:TIM_UpdateRequestConfig	16	static
stm32f0xx_tim.c:488:6:TIM_ARRPreloadConfig	16	static
stm32f0xx_tim.c:516:6:TIM_SelectOnePulseMode	16	static
stm32f0xx_tim.c:538:6:TIM_SetClockDivision	16	static
stm32f0xx_tim.c:558:6:TIM_Cmd	16	static
stm32f0xx_tim.c:616:6:TIM_BDTRConfig	16	static
stm32f0xx_tim.c:640:6:TIM_BDTRStructInit	16	static
stm32f0xx_tim.c:659:6:TIM_CtrlPWMOutputs	16	static
stm32f0xx_tim.c:731:6:TIM_OC1Init	24	static
stm32f0xx_tim.c:813:6:TIM_OC2Init	24	static
stm32f0xx_tim.c:896:6:TIM_OC3Init	24	static
stm32f0xx_tim.c:976:6:TIM_OC4Init	24	static
stm32f0xx_tim.c:1038:6:TIM_OCStructInit	16	static
stm32f0xx_tim.c:1074:6:TIM_SelectOCxM	24	static
stm32f0xx_tim.c:1119:6:TIM_SetCompare1	16	static
stm32f0xx_tim.c:1134:6:TIM_SetCompare2	16	static
stm32f0xx_tim.c:1149:6:TIM_SetCompare3	16	static
stm32f0xx_tim.c:1164:6:TIM_SetCompare4	16	static
stm32f0xx_tim.c:1182:6:TIM_ForcedOC1Config	24	static
stm32f0xx_tim.c:1207:6:TIM_ForcedOC2Config	24	static
stm32f0xx_tim.c:1233:6:TIM_ForcedOC3Config	24	static
stm32f0xx_tim.c:1259:6:TIM_ForcedOC4Config	24	static
stm32f0xx_tim.c:1283:6:TIM_CCPreloadControl	16	static
stm32f0xx_tim.c:1310:6:TIM_OC1PreloadConfig	24	static
stm32f0xx_tim.c:1335:6:TIM_OC2PreloadConfig	24	static
stm32f0xx_tim.c:1360:6:TIM_OC3PreloadConfig	24	static
stm32f0xx_tim.c:1386:6:TIM_OC4PreloadConfig	24	static
stm32f0xx_tim.c:1412:6:TIM_OC1FastConfig	24	static
stm32f0xx_tim.c:1439:6:TIM_OC2FastConfig	24	static
stm32f0xx_tim.c:1466:6:TIM_OC3FastConfig	24	static
stm32f0xx_tim.c:1493:6:TIM_OC4FastConfig	24	static
stm32f0xx_tim.c:1520:6:TIM_ClearOC1Ref	24	static
stm32f0xx_tim.c:1547:6:TIM_ClearOC2Ref	24	static
stm32f0xx_tim.c:1573:6:TIM_ClearOC3Ref	24	static
stm32f0xx_tim.c:1599:6:TIM_ClearOC4Ref	24	static
stm32f0xx_tim.c:1625:6:TIM_OC1PolarityConfig	24	static
stm32f0xx_tim.c:1650:6:TIM_OC1NPolarityConfig	24	static
stm32f0xx_tim.c:1674:6:TIM_OC2PolarityConfig	24	static
stm32f0xx_tim.c:1699:6:TIM_OC2NPolarityConfig	24	static
stm32f0xx_tim.c:1723:6:TIM_OC3PolarityConfig	24	static
stm32f0xx_tim.c:1748:6:TIM_OC3NPolarityConfig	24	static
stm32f0xx_tim.c:1774:6:TIM_OC4PolarityConfig	24	static
stm32f0xx_tim.c:1799:6:TIM_SelectOCREFClear	16	static
stm32f0xx_tim.c:1823:6:TIM_CCxCmd	24	static
stm32f0xx_tim.c:1852:6:TIM_CCxNCmd	24	static
stm32f0xx_tim.c:1877:6:TIM_SelectCOM	16	static
stm32f0xx_tim.c:1953:6:TIM_ICInit	16	static
stm32f0xx_tim.c:2011:6:TIM_ICStructInit	16	static
stm32f0xx_tim.c:2030:6:TIM_PWMIConfig	32	static
stm32f0xx_tim.c:2085:10:TIM_GetCapture1	16	static
stm32f0xx_tim.c:2099:10:TIM_GetCapture2	16	static
stm32f0xx_tim.c:2113:10:TIM_GetCapture3	16	static
stm32f0xx_tim.c:2127:10:TIM_GetCapture4	16	static
stm32f0xx_tim.c:2147:6:TIM_SetIC1Prescaler	16	static
stm32f0xx_tim.c:2170:6:TIM_SetIC2Prescaler	16	static
stm32f0xx_tim.c:2193:6:TIM_SetIC3Prescaler	16	static
stm32f0xx_tim.c:2216:6:TIM_SetIC4Prescaler	16	static
stm32f0xx_tim.c:2268:6:TIM_ITConfig	16	static
stm32f0xx_tim.c:2308:6:TIM_GenerateEvent	16	static
stm32f0xx_tim.c:2343:12:TIM_GetFlagStatus	24	static
stm32f0xx_tim.c:2388:6:TIM_ClearFlag	16	static
stm32f0xx_tim.c:2419:10:TIM_GetITStatus	24	static
stm32f0xx_tim.c:2463:6:TIM_ClearITPendingBit	16	static
stm32f0xx_tim.c:2489:6:TIM_DMAConfig	16	static
stm32f0xx_tim.c:2515:6:TIM_DMACmd	16	static
stm32f0xx_tim.c:2541:6:TIM_SelectCCDMA	16	static
stm32f0xx_tim.c:2580:6:TIM_InternalClockConfig	16	static
stm32f0xx_tim.c:2599:6:TIM_ITRxExternalClockConfig	16	static
stm32f0xx_tim.c:2626:6:TIM_TIxExternalClockConfig	32	static
stm32f0xx_tim.c:2666:6:TIM_ETRClockMode1Config	40	static
stm32f0xx_tim.c:2710:6:TIM_ETRClockMode2Config	32	static
stm32f0xx_tim.c:2775:6:TIM_SelectInputTrigger	24	static
stm32f0xx_tim.c:2814:6:TIM_SelectOutputTrigger	16	static
stm32f0xx_tim.c:2838:6:TIM_SelectSlaveMode	16	static
stm32f0xx_tim.c:2860:6:TIM_SelectMasterSlaveMode	16	static
stm32f0xx_tim.c:2890:6:TIM_ETRConfig	40	static
stm32f0xx_tim.c:2945:6:TIM_EncoderInterfaceConfig	40	static
stm32f0xx_tim.c:2989:6:TIM_SelectHallSensor	16	static
stm32f0xx_tim.c:3035:6:TIM_RemapConfig	16	static
stm32f0xx_tim.c:3065:13:TI1_Config	40	static
stm32f0xx_tim.c:3101:13:TI2_Config	40	static
stm32f0xx_tim.c:3138:13:TI3_Config	40	static
stm32f0xx_tim.c:3174:13:TI4_Config	40	static
