stm32f0xx_usart.c:172:6:USART_DeInit	16	static
stm32f0xx_usart.c:200:6:USART_Init	64	static
stm32f0xx_usart.c:306:6:USART_StructInit	16	static
stm32f0xx_usart.c:326:6:USART_ClockInit	24	static
stm32f0xx_usart.c:356:6:USART_ClockStructInit	16	static
stm32f0xx_usart.c:372:6:USART_Cmd	16	static
stm32f0xx_usart.c:401:6:USART_DirectionModeCmd	24	static
stm32f0xx_usart.c:432:6:USART_OverSampling8Cmd	16	static
stm32f0xx_usart.c:459:6:USART_OneBitMethodCmd	16	static
stm32f0xx_usart.c:488:6:USART_MSBFirstCmd	16	static
stm32f0xx_usart.c:521:6:USART_DataInvCmd	16	static
stm32f0xx_usart.c:556:6:USART_InvPinCmd	24	static
stm32f0xx_usart.c:588:6:USART_SWAPPinCmd	16	static
stm32f0xx_usart.c:613:6:USART_ReceiverTimeOutCmd	16	static
stm32f0xx_usart.c:639:6:USART_SetReceiverTimeOut	16	static
stm32f0xx_usart.c:661:6:USART_SetPrescaler	16	static
stm32f0xx_usart.c:709:6:USART_STOPModeCmd	16	static
stm32f0xx_usart.c:741:6:USART_StopModeWakeUpSourceConfig	16	static
stm32f0xx_usart.c:791:6:USART_AutoBaudRateCmd	16	static
stm32f0xx_usart.c:822:6:USART_AutoBaudRateConfig	16	static
stm32f0xx_usart.c:837:6:USART_AutoBaudRateNewRequest	16	static
stm32f0xx_usart.c:877:6:USART_SendData	16	static
stm32f0xx_usart.c:892:10:USART_ReceiveData	16	static
stm32f0xx_usart.c:941:6:USART_SetAddress	16	static
stm32f0xx_usart.c:959:6:USART_MuteModeCmd	16	static
stm32f0xx_usart.c:986:6:USART_MuteModeWakeUpConfig	16	static
stm32f0xx_usart.c:1005:6:USART_AddressDetectionConfig	16	static
stm32f0xx_usart.c:1068:6:USART_LINBreakDetectLengthConfig	16	static
stm32f0xx_usart.c:1085:6:USART_LINCmd	16	static
stm32f0xx_usart.c:1141:6:USART_HalfDuplexCmd	16	static
stm32f0xx_usart.c:1221:6:USART_SetGuardTime	16	static
stm32f0xx_usart.c:1239:6:USART_SmartCardCmd	16	static
stm32f0xx_usart.c:1263:6:USART_SmartCardNACKCmd	16	static
stm32f0xx_usart.c:1286:6:USART_SetAutoRetryCount	16	static
stm32f0xx_usart.c:1303:6:USART_SetBlockLength	16	static
stm32f0xx_usart.c:1365:6:USART_IrDAConfig	16	static
stm32f0xx_usart.c:1382:6:USART_IrDACmd	16	static
stm32f0xx_usart.c:1439:6:USART_DECmd	16	static
stm32f0xx_usart.c:1465:6:USART_DEPolarityConfig	16	static
stm32f0xx_usart.c:1482:6:USART_SetDEAssertionTime	16	static
stm32f0xx_usart.c:1501:6:USART_SetDEDeassertionTime	16	static
stm32f0xx_usart.c:1547:6:USART_DMACmd	24	static
stm32f0xx_usart.c:1579:6:USART_DMAReceptionErrorConfig	16	static
stm32f0xx_usart.c:1711:6:USART_ITConfig	40	static
stm32f0xx_usart.c:1764:6:USART_RequestCmd	24	static
stm32f0xx_usart.c:1796:6:USART_OverrunDetectionConfig	16	static
stm32f0xx_usart.c:1837:12:USART_GetFlagStatus	24	static
stm32f0xx_usart.c:1885:6:USART_ClearFlag	16	static
stm32f0xx_usart.c:1915:10:USART_GetITStatus	32	static
stm32f0xx_usart.c:1986:6:USART_ClearITPendingBit	24	static
