stm32f0xx_spi.c:164:6:SPI_I2S_DeInit	16	static
stm32f0xx_spi.c:193:6:SPI_StructInit	16	static
stm32f0xx_spi.c:224:6:SPI_Init	24	static
stm32f0xx_spi.c:294:6:I2S_StructInit	16	static
stm32f0xx_spi.c:330:6:I2S_Init	64	static
stm32f0xx_spi.c:433:6:SPI_Cmd	16	static
stm32f0xx_spi.c:463:6:SPI_TIModeCmd	16	static
stm32f0xx_spi.c:488:6:I2S_Cmd	16	static
stm32f0xx_spi.c:525:6:SPI_DataSizeConfig	24	static
stm32f0xx_spi.c:552:6:SPI_RxFIFOThresholdConfig	16	static
stm32f0xx_spi.c:574:6:SPI_BiDirectionalLineConfig	16	static
stm32f0xx_spi.c:602:6:SPI_NSSInternalSoftwareConfig	16	static
stm32f0xx_spi.c:629:6:SPI_SSOutputCmd	16	static
stm32f0xx_spi.c:658:6:SPI_NSSPulseModeCmd	16	static
stm32f0xx_spi.c:712:6:SPI_SendData8	24	static
stm32f0xx_spi.c:732:6:SPI_I2S_SendData16	16	static
stm32f0xx_spi.c:745:9:SPI_ReceiveData8	24	static
stm32f0xx_spi.c:761:10:SPI_I2S_ReceiveData16	16	static
stm32f0xx_spi.c:842:6:SPI_CRCLengthConfig	16	static
stm32f0xx_spi.c:864:6:SPI_CalculateCRC	16	static
stm32f0xx_spi.c:887:6:SPI_TransmitCRC	16	static
stm32f0xx_spi.c:905:10:SPI_GetCRC	24	static
stm32f0xx_spi.c:931:10:SPI_GetCRCPolynomial	16	static
stm32f0xx_spi.c:969:6:SPI_I2S_DMACmd	16	static
stm32f0xx_spi.c:1006:6:SPI_LastDMATransferCmd	16	static
stm32f0xx_spi.c:1111:6:SPI_I2S_ITConfig	24	static
stm32f0xx_spi.c:1147:10:SPI_GetTransmissionFIFOStatus	16	static
stm32f0xx_spi.c:1162:10:SPI_GetReceptionFIFOStatus	16	static
stm32f0xx_spi.c:1185:12:SPI_I2S_GetFlagStatus	24	static
stm32f0xx_spi.c:1220:6:SPI_I2S_ClearFlag	16	static
stm32f0xx_spi.c:1244:10:SPI_I2S_GetITStatus	24	static
