stm32f0xx_rtc.c:309:13:RTC_DeInit	16	static
stm32f0xx_rtc.c:370:13:RTC_Init	24	static
stm32f0xx_rtc.c:416:6:RTC_StructInit	16	static
stm32f0xx_rtc.c:438:6:RTC_WriteProtectionCmd	16	static
stm32f0xx_rtc.c:465:13:RTC_EnterInitMode	24	static
stm32f0xx_rtc.c:510:6:RTC_ExitInitMode	8	static
stm32f0xx_rtc.c:532:13:RTC_WaitForSynchro	24	static
stm32f0xx_rtc.c:583:13:RTC_RefClockCmd	24	static
stm32f0xx_rtc.c:631:6:RTC_BypassShadowCmd	16	static
stm32f0xx_rtc.c:685:13:RTC_SetTime	32	static
stm32f0xx_rtc.c:789:6:RTC_TimeStructInit	16	static
stm32f0xx_rtc.c:808:6:RTC_GetTime	24	static
stm32f0xx_rtc.c:841:10:RTC_GetSubSecond	16	static
stm32f0xx_rtc.c:866:13:RTC_SetDate	32	static
stm32f0xx_rtc.c:957:6:RTC_DateStructInit	16	static
stm32f0xx_rtc.c:976:6:RTC_GetDate	24	static
stm32f0xx_rtc.c:1036:6:RTC_SetAlarm	40	static
stm32f0xx_rtc.c:1140:6:RTC_AlarmStructInit	16	static
stm32f0xx_rtc.c:1169:6:RTC_GetAlarm	32	static
stm32f0xx_rtc.c:1215:13:RTC_AlarmCmd	32	static
stm32f0xx_rtc.c:1308:6:RTC_AlarmSubSecondConfig	32	static
stm32f0xx_rtc.c:1340:10:RTC_GetAlarmSubSecond	24	static
stm32f0xx_rtc.c:1382:6:RTC_DayLightSavingConfig	16	static
stm32f0xx_rtc.c:1409:10:RTC_GetStoreOperation	8	static
stm32f0xx_rtc.c:1445:6:RTC_OutputConfig	16	static
stm32f0xx_rtc.c:1488:6:RTC_CalibOutputCmd	16	static
stm32f0xx_rtc.c:1520:6:RTC_CalibOutputConfig	16	static
stm32f0xx_rtc.c:1556:13:RTC_SmoothCalibConfig	32	static
stm32f0xx_rtc.c:1632:6:RTC_TimeStampCmd	24	static
stm32f0xx_rtc.c:1676:6:RTC_GetTimeStamp	32	static
stm32f0xx_rtc.c:1720:10:RTC_GetTimeStampSubSecond	8	static
stm32f0xx_rtc.c:1758:6:RTC_TamperTriggerConfig	16	static
stm32f0xx_rtc.c:1787:6:RTC_TamperCmd	16	static
stm32f0xx_rtc.c:1818:6:RTC_TamperFilterConfig	16	static
stm32f0xx_rtc.c:1852:6:RTC_TamperSamplingFreqConfig	16	static
stm32f0xx_rtc.c:1875:6:RTC_TamperPinsPrechargeDuration	16	static
stm32f0xx_rtc.c:1895:6:RTC_TimeStampOnTamperDetectionCmd	16	static
stm32f0xx_rtc.c:1918:6:RTC_TamperPullUpCmd	16	static
stm32f0xx_rtc.c:1959:6:RTC_WriteBackupRegister	24	static
stm32f0xx_rtc.c:1980:10:RTC_ReadBackupRegister	24	static
stm32f0xx_rtc.c:2020:6:RTC_OutputTypeConfig	16	static
stm32f0xx_rtc.c:2058:13:RTC_SynchroShiftConfig	24	static
stm32f0xx_rtc.c:2167:6:RTC_ITConfig	16	static
stm32f0xx_rtc.c:2211:12:RTC_GetFlagStatus	24	static
stm32f0xx_rtc.c:2247:6:RTC_ClearFlag	16	static
stm32f0xx_rtc.c:2267:10:RTC_GetITStatus	32	static
stm32f0xx_rtc.c:2307:6:RTC_ClearITPendingBit	24	static
stm32f0xx_rtc.c:2330:16:RTC_ByteToBcd2	24	static
stm32f0xx_rtc.c:2348:16:RTC_Bcd2ToByte	24	static
