stm32f0xx_adc.c:130:6:ADC_DeInit	16	static
stm32f0xx_adc.c:156:6:ADC_Init	24	static
stm32f0xx_adc.c:201:6:ADC_StructInit	16	static
stm32f0xx_adc.c:230:6:ADC_Cmd	16	static
stm32f0xx_adc.c:259:6:ADC_JitterCmd	24	static
stm32f0xx_adc.c:317:6:ADC_AutoPowerOffCmd	16	static
stm32f0xx_adc.c:352:6:ADC_WaitModeCmd	16	static
stm32f0xx_adc.c:404:6:ADC_AnalogWatchdogCmd	16	static
stm32f0xx_adc.c:431:6:ADC_AnalogWatchdogThresholdsConfig	16	static
stm32f0xx_adc.c:472:6:ADC_AnalogWatchdogSingleChannelConfig	24	static
stm32f0xx_adc.c:500:6:ADC_AnalogWatchdogSingleChannelCmd	16	static
stm32f0xx_adc.c:552:6:ADC_TempSensorCmd	16	static
stm32f0xx_adc.c:575:6:ADC_VrefintCmd	16	static
stm32f0xx_adc.c:598:6:ADC_VbatCmd	16	static
stm32f0xx_adc.c:692:6:ADC_ChannelConfig	32	static
stm32f0xx_adc.c:724:6:ADC_ContinuousModeCmd	16	static
stm32f0xx_adc.c:752:6:ADC_DiscModeCmd	16	static
stm32f0xx_adc.c:777:6:ADC_OverrunModeCmd	16	static
stm32f0xx_adc.c:802:10:ADC_GetCalibrationFactor	32	static
stm32f0xx_adc.c:839:6:ADC_StopOfConversion	16	static
stm32f0xx_adc.c:854:6:ADC_StartOfConversion	16	static
stm32f0xx_adc.c:867:10:ADC_GetConversionValue	16	static
stm32f0xx_adc.c:911:6:ADC_DMACmd	16	static
stm32f0xx_adc.c:938:6:ADC_DMARequestModeConfig	16	static
stm32f0xx_adc.c:1046:6:ADC_ITConfig	24	static
stm32f0xx_adc.c:1083:12:ADC_GetFlagStatus	24	static
stm32f0xx_adc.c:1129:6:ADC_ClearFlag	16	static
stm32f0xx_adc.c:1152:10:ADC_GetITStatus	24	static
stm32f0xx_adc.c:1192:6:ADC_ClearITPendingBit	16	static
